172.68.25.109 - - [04/Sep/2017:19:08:19 +0000] "GET /css/bootstrap-theme.min.css HTTP/1.1" 200 23409
172.68.25.109 - - [04/Sep/2017:19:08:19 +0000] "GET /css/theme.css HTTP/1.1" 200 12388
172.68.26.14 - - [04/Sep/2017:19:08:19 +0000] "GET /css/bootstrap.min.css HTTP/1.1" 304 -
172.68.25.37 - - [04/Sep/2017:19:08:19 +0000] "GET /img/logo.svg HTTP/1.1" 200 7300
172.68.27.153 - - [04/Sep/2017:19:08:19 +0000] "GET /img/pdf-icon.png HTTP/1.1" 200 9571
172.68.26.14 - - [04/Sep/2017:19:08:19 +0000] "GET /img/blucher-proceedings.svg HTTP/1.1" 304 -
172.68.27.153 - - [04/Sep/2017:19:08:19 +0000] "GET /js/bootstrap.min.js HTTP/1.1" 304 -
172.68.27.225 - - [04/Sep/2017:19:08:19 +0000] "GET /js/jquery.min.js HTTP/1.1" 200 85577
172.68.27.141 - - [04/Sep/2017:19:08:19 +0000] "GET /css/theme.css.map HTTP/1.1" 200 13405
172.68.27.141 - - [04/Sep/2017:19:08:19 +0000] "GET /css/bootstrap-theme.min.css.map HTTP/1.1" 302 -
172.68.27.141 - - [04/Sep/2017:19:08:20 +0000] "GET /css/bootstrap.min.css.map HTTP/1.1" 302 -
172.68.25.91 - - [04/Sep/2017:19:08:21 +0000] "GET /css/img/search-icon.svg HTTP/1.1" 304 -
172.68.27.141 - - [04/Sep/2017:19:08:21 +0000] "GET /ptbr HTTP/1.1" 200 8328
172.68.27.141 - - [04/Sep/2017:19:08:22 +0000] "GET /ptbr HTTP/1.1" 200 8328
172.68.27.141 - - [04/Sep/2017:19:09:51 +0000] "POST /ptbr/articles/search HTTP/1.1" 200 11510
172.68.27.141 - - [04/Sep/2017:19:09:52 +0000] "GET /css/theme.css.map HTTP/1.1" 200 13405
172.68.27.141 - - [04/Sep/2017:19:09:52 +0000] "GET /css/bootstrap.min.css.map HTTP/1.1" 302 -
172.68.27.141 - - [04/Sep/2017:19:09:52 +0000] "GET /css/bootstrap-theme.min.css.map HTTP/1.1" 302 -
172.68.27.141 - - [04/Sep/2017:19:09:52 +0000] "GET /ptbr HTTP/1.1" 200 8354
172.68.27.141 - - [04/Sep/2017:19:09:52 +0000] "GET /ptbr HTTP/1.1" 200 8354
172.68.27.141 - - [04/Sep/2017:19:09:55 +0000] "GET /ptbr HTTP/1.1" 200 8354
172.68.27.141 - - [04/Sep/2017:19:16:34 +0000] "GET /ptbr HTTP/1.1" 200 8636
172.68.25.181 - - [04/Sep/2017:19:16:35 +0000] "GET /img/events/abmweek2016.svg HTTP/1.1" 304 -
172.68.26.248 - - [04/Sep/2017:19:16:35 +0000] "GET /uploads/img/suport-1.png HTTP/1.1" 304 -
172.68.27.27 - - [04/Sep/2017:19:16:35 +0000] "GET /uploads/img/suport-2.png HTTP/1.1" 304 -
172.68.25.73 - - [04/Sep/2017:19:16:35 +0000] "GET /img/logo-footer.svg HTTP/1.1" 200 16391
172.68.27.189 - - [04/Sep/2017:19:16:35 +0000] "GET /uploads/img/suport-3.png HTTP/1.1" 304 -
172.68.27.141 - - [04/Sep/2017:19:16:40 +0000] "GET /css/theme.css.map HTTP/1.1" 200 13405
172.68.27.141 - - [04/Sep/2017:19:16:40 +0000] "GET /css/bootstrap-theme.min.css.map HTTP/1.1" 302 -
172.68.27.141 - - [04/Sep/2017:19:16:40 +0000] "GET /css/bootstrap.min.css.map HTTP/1.1" 302 -
172.68.27.141 - - [04/Sep/2017:19:16:40 +0000] "GET /ptbr HTTP/1.1" 200 8636
172.68.27.141 - - [04/Sep/2017:19:16:40 +0000] "GET /ptbr HTTP/1.1" 200 8636
172.68.27.141 - - [04/Sep/2017:19:18:56 +0000] "GET /ptbr HTTP/1.1" 200 8661
172.68.27.141 - - [04/Sep/2017:19:18:57 +0000] "GET /css/theme.css.map HTTP/1.1" 200 13405
172.68.27.141 - - [04/Sep/2017:19:18:57 +0000] "GET /css/bootstrap.min.css.map HTTP/1.1" 302 -
172.68.27.141 - - [04/Sep/2017:19:18:57 +0000] "GET /css/bootstrap-theme.min.css.map HTTP/1.1" 302 -
172.68.27.141 - - [04/Sep/2017:19:18:57 +0000] "GET /ptbr HTTP/1.1" 200 8661
172.68.27.141 - - [04/Sep/2017:19:18:57 +0000] "GET /ptbr HTTP/1.1" 200 8661
172.68.27.141 - - [04/Sep/2017:19:19:24 +0000] "GET /ptbr/page/expediente-congresso-anual-abm HTTP/1.1" 200 5297
172.68.27.141 - - [04/Sep/2017:19:20:44 +0000] "GET /ptbr/page/expediente-congresso-anual-abm HTTP/1.1" 200 4930
172.68.27.93 - - [04/Sep/2017:19:20:44 +0000] "GET /img/favicon.png HTTP/1.1" 304 -
172.68.27.141 - - [04/Sep/2017:19:20:46 +0000] "GET /ptbr HTTP/1.1" 200 8543
172.68.27.141 - - [04/Sep/2017:19:20:49 +0000] "GET /ptbr/event/70-congresso-anual-da-abm HTTP/1.1" 200 8511
172.68.27.141 - - [04/Sep/2017:19:20:51 +0000] "GET /ptbr/event/70-congresso-anual-da-abm/sobre-o-evento HTTP/1.1" 200 8471
172.68.27.141 - - [04/Sep/2017:19:20:53 +0000] "GET /ptbr/event/70-congresso-anual-da-abm/patrocinadores-congresso HTTP/1.1" 200 6534
172.68.27.141 - - [04/Sep/2017:19:20:54 +0000] "GET /ptbr/event/70-congresso-anual-da-abm/articles HTTP/1.1" 200 333829
172.68.27.141 - - [04/Sep/2017:19:20:55 +0000] "GET /ptbr/event/70-congresso-anual-da-abm/sobre-o-evento HTTP/1.1" 200 8471
172.68.27.141 - - [04/Sep/2017:19:20:57 +0000] "GET /ptbr HTTP/1.1" 200 8543
172.68.27.141 - - [04/Sep/2017:19:20:58 +0000] "GET /ptbr/publications HTTP/1.1" 200 9558
172.68.27.141 - - [04/Sep/2017:19:21:05 +0000] "GET /ptbr/page/fale-conosco HTTP/1.1" 200 4978
172.68.27.141 - - [04/Sep/2017:19:21:12 +0000] "GET /admin/page_languages HTTP/1.1" 200 56923
172.68.27.141 - - [04/Sep/2017:19:21:27 +0000] "GET /admin/page_languages/edit/514 HTTP/1.1" 200 16594
172.68.27.141 - - [04/Sep/2017:19:21:51 +0000] "GET /admin/page_languages/edit/539 HTTP/1.1" 200 13433
172.68.27.141 - - [04/Sep/2017:19:21:55 +0000] "GET /admin/page_languages/edit/540 HTTP/1.1" 200 13443
172.68.27.141 - - [04/Sep/2017:19:23:31 +0000] "POST /admin/page_languages/edit/540 HTTP/1.1" 302 -
172.68.27.141 - - [04/Sep/2017:19:23:32 +0000] "GET /admin/page_languages HTTP/1.1" 200 57002
172.68.27.141 - - [04/Sep/2017:19:23:34 +0000] "GET /ptbr/page/fale-conosco HTTP/1.1" 200 5199
172.68.27.141 - - [04/Sep/2017:19:23:53 +0000] "GET /admin/page_languages/edit/540 HTTP/1.1" 200 13670
172.68.27.141 - - [04/Sep/2017:19:23:56 +0000] "GET /admin/page_languages/edit/539 HTTP/1.1" 200 13433
172.68.27.141 - - [04/Sep/2017:19:24:11 +0000] "POST /admin/page_languages/edit/539 HTTP/1.1" 302 -
172.68.27.141 - - [04/Sep/2017:19:24:11 +0000] "GET /admin/page_languages HTTP/1.1" 200 57002
172.68.27.141 - - [04/Sep/2017:19:24:14 +0000] "GET /admin/page_languages/edit/539 HTTP/1.1" 200 13656
172.68.27.141 - - [04/Sep/2017:19:24:21 +0000] "POST /admin/page_languages/edit/539 HTTP/1.1" 302 -
172.68.27.141 - - [04/Sep/2017:19:24:21 +0000] "GET /admin/page_languages HTTP/1.1" 200 57002
172.68.27.141 - - [04/Sep/2017:19:24:23 +0000] "GET /ptbr/page/fale-conosco HTTP/1.1" 200 5199
172.68.27.141 - - [04/Sep/2017:19:24:25 +0000] "GET /eng/page/fale-conosco HTTP/1.1" 200 4802
172.68.27.141 - - [04/Sep/2017:19:24:26 +0000] "GET /eng/page/contact HTTP/1.1" 200 5090
172.68.27.141 - - [04/Sep/2017:19:24:57 +0000] "GET /eng HTTP/1.1" 200 8281
172.68.27.141 - - [04/Sep/2017:19:24:59 +0000] "GET /ptbr HTTP/1.1" 200 8543
172.68.27.141 - - [04/Sep/2017:19:25:11 +0000] "GET /ptbr/event/71-congresso-anual-da-abm HTTP/1.1" 200 8872
172.68.27.141 - - [04/Sep/2017:19:25:13 +0000] "GET /ptbr/event/71-congresso-anual-da-abm/articles HTTP/1.1" 200 194071
172.68.27.141 - - [04/Sep/2017:19:25:18 +0000] "POST /ptbr/articles/search HTTP/1.1" 200 60367
172.68.27.141 - - [04/Sep/2017:19:25:30 +0000] "GET /ptbr/article/melhoria-no-processo-de-travamento-dos-trilhos-sob-os-convertedores/por-busca:1 HTTP/1.1" 200 12375
172.68.27.141 - - [04/Sep/2017:19:25:39 +0000] "GET /ptbr HTTP/1.1" 200 8543
172.68.27.141 - - [04/Sep/2017:19:25:48 +0000] "GET /ptbr/publications HTTP/1.1" 200 9558
172.68.27.141 - - [04/Sep/2017:19:27:36 +0000] "GET /ptbr/publication/anais-do-seminario-de-aciaria-fundicao-e-metalurgia-de-nao-ferrosos HTTP/1.1" 200 6857
172.68.27.141 - - [04/Sep/2017:19:27:37 +0000] "GET /ptbr/event/46-seminario-de-aciaria-internacional HTTP/1.1" 200 9087
172.68.27.141 - - [04/Sep/2017:19:27:40 +0000] "GET /ptbr/event/46-seminario-de-aciaria-internacional/articles HTTP/1.1" 200 97293
172.68.27.141 - - [04/Sep/2017:19:27:44 +0000] "GET /ptbr/article/customization-versatility-in-copper-plating-variable-hiper-coating HTTP/1.1" 200 10227
198.41.226.31 - - [04/Sep/2017:19:40:10 +0000] "GET /ptbr HTTP/1.1" 200 8543
198.41.226.31 - - [04/Sep/2017:19:40:12 +0000] "GET /ptbr HTTP/1.1" 200 8543
198.41.226.31 - - [04/Sep/2017:19:41:52 +0000] "GET /ptbr/publications HTTP/1.1" 200 9558
198.41.226.31 - - [04/Sep/2017:19:41:53 +0000] "GET /ptbr/publication/anais-do-seminario-de-aciaria-fundicao-e-metalurgia-de-nao-ferrosos HTTP/1.1" 200 6857
198.41.226.31 - - [04/Sep/2017:19:41:55 +0000] "GET /ptbr/event/47-seminario-de-aciaria-internacional HTTP/1.1" 200 8686
198.41.226.31 - - [04/Sep/2017:19:41:58 +0000] "GET /ptbr/event/47-seminario-de-aciaria-internacional/articles HTTP/1.1" 200 100071
198.41.226.31 - - [04/Sep/2017:19:42:00 +0000] "GET /ptbr/article/efeito-da-pressao-ambiente-e-datemperatura-do-oxigenio-sobre-a-penetracao-de-jato-no-banho-metalico-no-bof HTTP/1.1" 200 11629
108.162.245.187 - - [04/Sep/2017:20:12:31 +0000] "GET / HTTP/1.1" 302 -
108.162.245.187 - - [04/Sep/2017:20:12:31 +0000] "GET /ptbr HTTP/1.1" 200 8543
172.68.143.27 - - [05/Sep/2017:18:32:26 +0000] "HEAD / HTTP/1.1" 302 -
172.68.65.159 - - [05/Sep/2017:18:32:27 +0000] "GET / HTTP/1.1" 302 -
172.68.133.201 - - [05/Sep/2017:18:33:09 +0000] "HEAD / HTTP/1.1" 302 -
162.158.79.128 - - [05/Sep/2017:18:33:09 +0000] "GET / HTTP/1.1" 302 -
162.158.78.103 - - [05/Sep/2017:22:58:04 +0000] "GET / HTTP/1.1" 302 -
162.158.78.103 - - [05/Sep/2017:22:58:04 +0000] "GET /ptbr HTTP/1.1" 200 8543
162.158.78.229 - - [05/Sep/2017:22:58:04 +0000] "GET /favicon.ico HTTP/1.1" 200 372
172.68.27.195 - - [05/Sep/2017:22:59:27 +0000] "GET / HTTP/1.1" 302 -
172.68.27.195 - - [05/Sep/2017:22:59:28 +0000] "GET /ptbr HTTP/1.1" 200 8543
172.68.25.37 - - [05/Sep/2017:22:59:28 +0000] "GET /img/logo.svg HTTP/1.1" 304 -
172.68.27.189 - - [05/Sep/2017:22:59:28 +0000] "GET /uploads/img/suport-3.png HTTP/1.1" 304 -
172.68.27.27 - - [05/Sep/2017:22:59:28 +0000] "GET /uploads/img/suport-2.png HTTP/1.1" 304 -
172.68.26.14 - - [05/Sep/2017:22:59:28 +0000] "GET /css/bootstrap.min.css HTTP/1.1" 304 -
172.68.27.153 - - [05/Sep/2017:22:59:28 +0000] "GET /js/bootstrap.min.js HTTP/1.1" 304 -
172.68.25.73 - - [05/Sep/2017:22:59:28 +0000] "GET /img/logo-footer.svg HTTP/1.1" 304 -
172.68.25.109 - - [05/Sep/2017:22:59:29 +0000] "GET /css/theme.css HTTP/1.1" 304 -
172.68.25.109 - - [05/Sep/2017:22:59:30 +0000] "GET /css/bootstrap-theme.min.css HTTP/1.1" 304 -
172.68.26.248 - - [05/Sep/2017:22:59:30 +0000] "GET /uploads/img/suport-1.png HTTP/1.1" 304 -
172.68.26.14 - - [05/Sep/2017:22:59:31 +0000] "GET /img/blucher-proceedings.svg HTTP/1.1" 304 -
172.68.25.181 - - [05/Sep/2017:22:59:31 +0000] "GET /img/events/abmweek2016.svg HTTP/1.1" 304 -
172.68.27.225 - - [05/Sep/2017:22:59:31 +0000] "GET /js/jquery.min.js HTTP/1.1" 304 -
172.68.27.195 - - [05/Sep/2017:22:59:56 +0000] "GET / HTTP/1.1" 302 -
172.68.27.195 - - [05/Sep/2017:22:59:56 +0000] "GET /ptbr HTTP/1.1" 200 8543
172.68.25.91 - - [05/Sep/2017:22:59:57 +0000] "GET /css/img/search-icon.svg HTTP/1.1" 304 -
172.68.27.93 - - [05/Sep/2017:22:59:57 +0000] "GET /img/favicon.png HTTP/1.1" 304 -
172.68.218.67 - - [06/Sep/2017:14:47:22 +0000] "GET / HTTP/1.1" 302 -
172.68.218.67 - - [06/Sep/2017:14:47:22 +0000] "GET /ptbr HTTP/1.1" 200 8543
172.68.218.67 - - [06/Sep/2017:14:47:22 +0000] "GET /img/logo-footer.svg HTTP/1.1" 200 16391
172.68.218.37 - - [06/Sep/2017:14:47:22 +0000] "GET /img/events/abmweek2016.svg HTTP/1.1" 304 -
172.68.218.43 - - [06/Sep/2017:14:47:22 +0000] "GET /uploads/img/suport-1.png HTTP/1.1" 200 328
172.68.218.97 - - [06/Sep/2017:14:47:22 +0000] "GET /uploads/img/suport-3.png HTTP/1.1" 200 439
172.68.218.19 - - [06/Sep/2017:14:47:23 +0000] "GET /uploads/img/suport-2.png HTTP/1.1" 304 -
172.68.218.109 - - [06/Sep/2017:14:47:23 +0000] "GET /css/theme.css HTTP/1.1" 304 -
172.68.218.25 - - [06/Sep/2017:14:47:23 +0000] "GET /css/bootstrap.min.css HTTP/1.1" 304 -
172.68.218.25 - - [06/Sep/2017:14:47:23 +0000] "GET /img/blucher-proceedings.svg HTTP/1.1" 304 -
172.68.218.13 - - [06/Sep/2017:14:47:24 +0000] "GET /img/logo.svg HTTP/1.1" 200 7300
172.68.218.61 - - [06/Sep/2017:14:47:24 +0000] "GET /js/bootstrap.min.js HTTP/1.1" 304 -
172.68.218.97 - - [06/Sep/2017:14:47:24 +0000] "GET /js/jquery.min.js HTTP/1.1" 304 -
172.68.218.25 - - [06/Sep/2017:14:47:24 +0000] "GET /css/bootstrap-theme.min.css HTTP/1.1" 304 -
172.68.218.19 - - [06/Sep/2017:14:47:24 +0000] "GET /css/img/search-icon.svg HTTP/1.1" 304 -
172.68.27.141 - - [06/Sep/2017:16:08:04 +0000] "GET / HTTP/1.1" 302 -
172.68.27.141 - - [06/Sep/2017:16:08:05 +0000] "GET /ptbr HTTP/1.1" 200 8543
172.68.25.37 - - [06/Sep/2017:16:08:05 +0000] "GET /img/logo.svg HTTP/1.1" 304 -
172.68.27.189 - - [06/Sep/2017:16:08:05 +0000] "GET /uploads/img/suport-3.png HTTP/1.1" 304 -
172.68.25.73 - - [06/Sep/2017:16:08:05 +0000] "GET /img/logo-footer.svg HTTP/1.1" 304 -
172.68.27.27 - - [06/Sep/2017:16:08:05 +0000] "GET /uploads/img/suport-2.png HTTP/1.1" 304 -
172.68.26.14 - - [06/Sep/2017:16:08:05 +0000] "GET /css/bootstrap.min.css HTTP/1.1" 304 -
172.68.25.109 - - [06/Sep/2017:16:08:05 +0000] "GET /css/bootstrap-theme.min.css HTTP/1.1" 304 -
172.68.25.181 - - [06/Sep/2017:16:08:05 +0000] "GET /img/events/abmweek2016.svg HTTP/1.1" 304 -
172.68.27.153 - - [06/Sep/2017:16:08:05 +0000] "GET /js/bootstrap.min.js HTTP/1.1" 304 -
172.68.26.14 - - [06/Sep/2017:16:08:05 +0000] "GET /img/blucher-proceedings.svg HTTP/1.1" 304 -
172.68.27.225 - - [06/Sep/2017:16:08:06 +0000] "GET /js/jquery.min.js HTTP/1.1" 304 -
172.68.26.248 - - [06/Sep/2017:16:08:07 +0000] "GET /uploads/img/suport-1.png HTTP/1.1" 304 -
172.68.25.109 - - [06/Sep/2017:16:08:07 +0000] "GET /css/theme.css HTTP/1.1" 304 -
172.68.25.91 - - [06/Sep/2017:16:08:08 +0000] "GET /css/img/search-icon.svg HTTP/1.1" 304 -
172.68.27.141 - - [06/Sep/2017:16:08:18 +0000] "GET /ptbr/publications HTTP/1.1" 200 9558
172.68.27.141 - - [06/Sep/2017:16:08:21 +0000] "GET /ptbr/publication/anais-do-congresso-anual-da-abm HTTP/1.1" 200 6602
172.68.27.99 - - [06/Sep/2017:16:08:21 +0000] "GET /img/events/abmweek2016.png HTTP/1.1" 200 39893
172.68.27.141 - - [06/Sep/2017:16:08:41 +0000] "GET /ptbr/publications HTTP/1.1" 200 9558
172.68.27.141 - - [06/Sep/2017:16:08:42 +0000] "GET /ptbr/publication/anais-do-seminario-de-laminacao-e-conformacao HTTP/1.1" 200 6677
172.68.27.141 - - [06/Sep/2017:16:09:07 +0000] "GET /ptbr/publication/anais-do-seminario-de-aciaria-fundicao-e-metalurgia-de-nao-ferrosos HTTP/1.1" 200 6857
172.68.27.141 - - [06/Sep/2017:16:09:22 +0000] "GET /ptbr/publication/anais-dos-seminarios-de-reducao-minerio-de-ferro-e-aglomeracao HTTP/1.1" 200 6947
172.68.27.141 - - [06/Sep/2017:16:09:37 +0000] "GET /ptbr/publication/anais-do-seminario-de-logistica HTTP/1.1" 200 6602
172.68.27.141 - - [06/Sep/2017:16:09:54 +0000] "GET /ptbr/publication/anais-dos-seminarios-de-balancos-energeticos-e-gases-industriais HTTP/1.1" 200 6901
172.68.27.141 - - [06/Sep/2017:16:09:57 +0000] "GET /ptbr/publication/anais-do-seminario-de-automacao-ti HTTP/1.1" 200 6644
172.68.27.141 - - [06/Sep/2017:16:10:20 +0000] "GET /ptbr/publication/anais-do-enemet-encontro-nacional-de-estudantes-de-engenharia-metalurgica-de-materiais-e-de-minas HTTP/1.1" 200 6831
172.68.27.141 - - [06/Sep/2017:16:10:35 +0000] "GET /ptbr/publication/anais-do-seminario-de-trefilacao HTTP/1.1" 200 6611
172.68.27.141 - - [06/Sep/2017:16:11:48 +0000] "GET /ptbr/publications HTTP/1.1" 200 9558
172.68.27.141 - - [06/Sep/2017:16:11:51 +0000] "GET /ptbr/publication/anais-dos-seminarios-de-balancos-energeticos-e-gases-industriais HTTP/1.1" 200 6901
172.68.27.141 - - [06/Sep/2017:16:11:54 +0000] "GET /ptbr/event/37-balancos-energeticos-31-gases-industriais HTTP/1.1" 200 8179
172.68.218.67 - - [06/Sep/2017:17:00:22 +0000] "GET / HTTP/1.1" 302 -
172.68.218.67 - - [06/Sep/2017:17:00:22 +0000] "GET /ptbr HTTP/1.1" 200 8543
172.68.218.67 - - [06/Sep/2017:17:00:29 +0000] "GET /ptbr/event/71-congresso-anual-da-abm HTTP/1.1" 200 8872
172.68.218.37 - - [06/Sep/2017:17:00:30 +0000] "GET /img/events/abmweek2016.png HTTP/1.1" 304 -
172.68.218.67 - - [06/Sep/2017:17:00:42 +0000] "GET /ptbr/publications HTTP/1.1" 200 9558
172.68.218.67 - - [06/Sep/2017:17:00:49 +0000] "GET /ptbr/publication/anais-do-congresso-anual-da-abm HTTP/1.1" 200 6602
172.68.218.67 - - [06/Sep/2017:17:01:02 +0000] "GET /ptbr/publication/anais-do-congresso-anual-da-abm HTTP/1.1" 200 6602
172.68.218.67 - - [06/Sep/2017:17:01:09 +0000] "GET /ptbr/event/71-congresso-anual-da-abm HTTP/1.1" 200 8872
172.68.218.67 - - [06/Sep/2017:17:01:12 +0000] "GET /ptbr/events/abm-week-2016 HTTP/1.1" 200 9515
172.68.218.67 - - [06/Sep/2017:17:04:32 +0000] "GET /ptbr/event/71-congresso-anual-da-abm HTTP/1.1" 200 8872
172.68.218.67 - - [06/Sep/2017:17:04:46 +0000] "GET /ptbr/page/sobre-o-abm-proceedings HTTP/1.1" 200 6945
172.68.218.67 - - [06/Sep/2017:17:04:50 +0000] "GET /ptbr/page/fale-conosco HTTP/1.1" 200 5199
172.68.218.67 - - [06/Sep/2017:17:10:11 +0000] "GET /ptbr/page/sobre-o-abm-proceedings HTTP/1.1" 200 6945
172.68.218.67 - - [06/Sep/2017:17:10:31 +0000] "GET /ptbr/publications HTTP/1.1" 200 9558
172.68.218.67 - - [06/Sep/2017:17:10:47 +0000] "GET /ptbr HTTP/1.1" 200 8543
172.68.218.67 - - [06/Sep/2017:17:28:36 +0000] "GET /ptbr/page/fale-conosco HTTP/1.1" 200 5199
172.68.218.67 - - [06/Sep/2017:17:32:16 +0000] "GET /ptbr/page/sobre-o-abm-proceedings HTTP/1.1" 200 6945
198.41.226.19 - - [06/Sep/2017:17:34:10 +0000] "GET / HTTP/1.1" 302 -
198.41.226.19 - - [06/Sep/2017:17:34:10 +0000] "GET /ptbr HTTP/1.1" 200 8543
198.41.226.145 - - [06/Sep/2017:17:34:11 +0000] "GET /css/bootstrap.min.css HTTP/1.1" 304 -
198.41.226.19 - - [06/Sep/2017:17:34:11 +0000] "GET /js/bootstrap.min.js HTTP/1.1" 304 -
198.41.226.145 - - [06/Sep/2017:17:34:11 +0000] "GET /img/logo.svg HTTP/1.1" 200 7300
198.41.226.85 - - [06/Sep/2017:17:34:11 +0000] "GET /img/blucher-proceedings.svg HTTP/1.1" 304 -
198.41.226.139 - - [06/Sep/2017:17:34:12 +0000] "GET /css/img/search-icon.svg HTTP/1.1" 304 -
198.41.226.31 - - [06/Sep/2017:17:34:12 +0000] "GET /img/events/abmweek2016.svg HTTP/1.1" 304 -
198.41.226.43 - - [06/Sep/2017:17:34:12 +0000] "GET /uploads/img/suport-2.png HTTP/1.1" 304 -
198.41.226.79 - - [06/Sep/2017:17:34:13 +0000] "GET /img/favicon.png HTTP/1.1" 304 -
198.41.226.19 - - [06/Sep/2017:17:35:13 +0000] "GET / HTTP/1.1" 302 -
198.41.226.19 - - [06/Sep/2017:17:35:13 +0000] "GET /ptbr HTTP/1.1" 200 8543
172.68.218.67 - - [06/Sep/2017:17:50:30 +0000] "GET /ptbr/publications HTTP/1.1" 200 9558
172.68.218.67 - - [06/Sep/2017:17:51:20 +0000] "GET /ptbr/publications HTTP/1.1" 200 9558
172.68.218.67 - - [06/Sep/2017:17:51:26 +0000] "GET /ptbr HTTP/1.1" 200 8543
172.68.218.67 - - [06/Sep/2017:17:51:31 +0000] "GET /ptbr/events/abm-week-2015 HTTP/1.1" 200 9713
172.68.218.55 - - [06/Sep/2017:17:51:31 +0000] "GET /img/events/abmweek2015.png HTTP/1.1" 304 -
172.68.218.67 - - [06/Sep/2017:17:56:07 +0000] "GET /ptbr/event/70-congresso-anual-da-abm HTTP/1.1" 200 8511
172.68.218.115 - - [06/Sep/2017:17:56:12 +0000] "GET /img/pdf-icon.png HTTP/1.1" 304 -
172.68.218.67 - - [06/Sep/2017:17:56:11 +0000] "GET /ptbr/event/70-congresso-anual-da-abm/articles HTTP/1.1" 200 333829
172.68.218.67 - - [06/Sep/2017:17:56:15 +0000] "GET /ptbr/article/caracterizacao-microestrutural-de-liga-aluminio-para-componentes-antifriccao HTTP/1.1" 200 12087
172.68.218.13 - - [06/Sep/2017:17:56:15 +0000] "GET /img/pdf.svg HTTP/1.1" 304 -
172.68.218.67 - - [06/Sep/2017:17:56:26 +0000] "GET /ptbr/event/70-congresso-anual-da-abm/articles HTTP/1.1" 200 333829
172.68.218.67 - - [06/Sep/2017:17:56:28 +0000] "GET /ptbr/event/70-congresso-anual-da-abm/patrocinadores-congresso HTTP/1.1" 200 6534
172.68.218.73 - - [06/Sep/2017:17:56:29 +0000] "GET /img/patrocinadores2015.png HTTP/1.1" 200 295001
172.68.218.67 - - [06/Sep/2017:17:56:41 +0000] "GET /ptbr/events/abm-week-2015 HTTP/1.1" 200 9713
172.68.218.67 - - [06/Sep/2017:17:56:44 +0000] "GET /ptbr/events/abm-week-2015/patrocinadores-abmweek2015 HTTP/1.1" 200 6119
172.68.218.67 - - [06/Sep/2017:17:56:49 +0000] "GET /ptbr/events/abm-week-2015/sobre-a-abm-week-2015 HTTP/1.1" 200 6049
172.68.218.67 - - [06/Sep/2017:17:57:00 +0000] "GET /ptbr/events/abm-week-2015/patrocinadores-abmweek2016-1 HTTP/1.1" 200 6123
172.68.218.79 - - [06/Sep/2017:17:57:00 +0000] "GET /img/patrocinio-abmweek2016.png HTTP/1.1" 200 281194
172.68.218.67 - - [06/Sep/2017:17:57:34 +0000] "GET /ptbr/events/abm-week-2015 HTTP/1.1" 200 9713
172.68.218.67 - - [06/Sep/2017:17:57:37 +0000] "GET /ptbr HTTP/1.1" 200 8543
172.68.218.67 - - [06/Sep/2017:17:57:51 +0000] "GET /ptbr/events/abm-week-2016 HTTP/1.1" 200 9515
172.68.218.67 - - [06/Sep/2017:17:58:17 +0000] "GET /ptbr/event/53-seminario-de-laminacao HTTP/1.1" 200 8383
172.68.218.67 - - [06/Sep/2017:17:58:20 +0000] "GET /ptbr/event/53-seminario-de-laminacao/sobre-o-53laminacao HTTP/1.1" 200 8343
172.68.218.67 - - [06/Sep/2017:17:58:30 +0000] "GET /ptbr/publication/anais-do-seminario-de-laminacao-e-conformacao/expediente-laminacao HTTP/1.1" 200 7236
172.68.218.67 - - [06/Sep/2017:17:58:40 +0000] "GET /ptbr/publication/anais-do-seminario-de-laminacao-e-conformacao HTTP/1.1" 200 6677
172.68.218.67 - - [06/Sep/2017:17:58:45 +0000] "GET /ptbr HTTP/1.1" 200 8543
172.68.218.67 - - [06/Sep/2017:17:58:47 +0000] "GET /ptbr/events/abm-week-2016 HTTP/1.1" 200 9515
172.68.218.67 - - [06/Sep/2017:17:58:52 +0000] "GET /ptbr/event/71-congresso-anual-da-abm HTTP/1.1" 200 8872
172.68.218.67 - - [06/Sep/2017:17:59:29 +0000] "GET /ptbr/events/abm-week-2016 HTTP/1.1" 200 9515
172.68.218.67 - - [06/Sep/2017:18:00:02 +0000] "GET /ptbr/event/71-congresso-anual-da-abm HTTP/1.1" 200 8872
172.68.218.67 - - [06/Sep/2017:18:00:21 +0000] "GET /ptbr/event/71-congresso-anual-da-abm/articles HTTP/1.1" 200 194071
172.68.218.67 - - [06/Sep/2017:18:00:25 +0000] "GET /ptbr/article/propriedades-de-tracao-em-compositos-de-matriz-epoxi-reforcadas-com-fibras-alinhadas-de-malva-sisal-e-bambu HTTP/1.1" 200 12359
172.68.218.67 - - [06/Sep/2017:18:00:28 +0000] "GET /ptbr/event/71-congresso-anual-da-abm/articles HTTP/1.1" 200 194071
172.68.218.67 - - [06/Sep/2017:18:00:33 +0000] "POST /ptbr/articles/search HTTP/1.1" 200 81262
172.68.218.67 - - [06/Sep/2017:18:00:39 +0000] "GET /ptbr/article/propriedades-de-tracao-em-compositos-de-matriz-epoxi-reforcadas-com-fibras-alinhadas-de-malva-sisal-e-bambu/por-busca:1 HTTP/1.1" 200 12494
172.68.218.67 - - [06/Sep/2017:18:01:11 +0000] "GET /ptbr HTTP/1.1" 200 8543
172.68.218.67 - - [06/Sep/2017:18:01:13 +0000] "GET /ptbr/event/71-congresso-anual-da-abm HTTP/1.1" 200 8872
162.158.63.61 - - [09/Sep/2017:16:16:53 +0000] "GET / HTTP/1.1" 302 -
108.162.219.13 - - [09/Sep/2017:16:21:29 +0000] "GET / HTTP/1.1" 302 -
162.158.62.246 - - [09/Sep/2017:16:24:15 +0000] "GET / HTTP/1.1" 302 -
162.158.63.37 - - [09/Sep/2017:17:02:11 +0000] "GET / HTTP/1.1" 302 -
172.68.27.45 - - [11/Sep/2017:14:05:44 +0000] "GET / HTTP/1.1" 302 -
172.68.27.45 - - [11/Sep/2017:14:05:45 +0000] "GET /ptbr HTTP/1.1" 200 8543
172.68.27.27 - - [11/Sep/2017:14:05:45 +0000] "GET /uploads/img/suport-2.png HTTP/1.1" 304 -
172.68.27.189 - - [11/Sep/2017:14:05:45 +0000] "GET /uploads/img/suport-3.png HTTP/1.1" 304 -
172.68.25.181 - - [11/Sep/2017:14:05:45 +0000] "GET /img/events/abmweek2016.svg HTTP/1.1" 304 -
172.68.25.73 - - [11/Sep/2017:14:05:45 +0000] "GET /img/logo-footer.svg HTTP/1.1" 200 16391
172.68.25.37 - - [11/Sep/2017:14:05:45 +0000] "GET /img/logo.svg HTTP/1.1" 200 7300
172.68.26.14 - - [11/Sep/2017:14:05:45 +0000] "GET /img/blucher-proceedings.svg HTTP/1.1" 304 -
172.68.26.248 - - [11/Sep/2017:14:05:45 +0000] "GET /uploads/img/suport-1.png HTTP/1.1" 304 -
172.68.26.14 - - [11/Sep/2017:14:05:45 +0000] "GET /css/bootstrap.min.css HTTP/1.1" 304 -
172.68.27.225 - - [11/Sep/2017:14:05:45 +0000] "GET /js/jquery.min.js HTTP/1.1" 200 85577
172.68.27.153 - - [11/Sep/2017:14:05:46 +0000] "GET /js/bootstrap.min.js HTTP/1.1" 304 -
172.68.25.109 - - [11/Sep/2017:14:05:46 +0000] "GET /css/theme.css HTTP/1.1" 304 -
172.68.25.91 - - [11/Sep/2017:14:05:47 +0000] "GET /css/img/search-icon.svg HTTP/1.1" 304 -
172.68.25.109 - - [11/Sep/2017:14:05:47 +0000] "GET /css/bootstrap-theme.min.css HTTP/1.1" 200 23409
172.68.27.45 - - [11/Sep/2017:14:05:49 +0000] "GET /admin/events HTTP/1.1" 302 -
172.68.27.45 - - [11/Sep/2017:14:05:49 +0000] "GET /admin/users/login HTTP/1.1" 200 1640
172.68.26.44 - - [11/Sep/2017:14:05:50 +0000] "GET /img/cake.power.gif HTTP/1.1" 200 201
172.68.25.211 - - [11/Sep/2017:14:05:50 +0000] "GET /css/cake.generic.css HTTP/1.1" 304 -
172.68.27.129 - - [11/Sep/2017:14:05:50 +0000] "GET /img/cake.icon.png HTTP/1.1" 200 943
172.68.27.45 - - [11/Sep/2017:14:05:55 +0000] "POST /admin/users/login HTTP/1.1" 302 -
172.68.27.45 - - [11/Sep/2017:14:05:56 +0000] "GET /admin HTTP/1.1" 200 918
172.68.27.45 - - [11/Sep/2017:14:06:00 +0000] "GET /admin/events HTTP/1.1" 200 23308
172.68.27.45 - - [11/Sep/2017:14:06:31 +0000] "GET /ptbr/events/abm-week-2016 HTTP/1.1" 200 9515
172.68.27.99 - - [11/Sep/2017:14:06:32 +0000] "GET /img/events/abmweek2016.png HTTP/1.1" 200 39893
108.162.221.139 - - [11/Sep/2017:14:15:08 +0000] "GET / HTTP/1.1" 302 -
108.162.221.139 - - [11/Sep/2017:14:15:08 +0000] "GET /ptbr HTTP/1.1" 200 8543
162.158.69.150 - - [11/Sep/2017:14:15:08 +0000] "GET /img/favicon.png HTTP/1.1" 200 1846
172.68.65.117 - - [11/Sep/2017:14:15:10 +0000] "GET / HTTP/1.1" 302 -
172.68.65.117 - - [11/Sep/2017:14:15:10 +0000] "GET /ptbr HTTP/1.1" 200 8543
162.158.78.7 - - [11/Sep/2017:14:15:10 +0000] "GET /img/favicon.png HTTP/1.1" 200 1846
172.68.25.241 - - [11/Sep/2017:14:17:18 +0000] "GET / HTTP/1.1" 302 -
172.68.25.241 - - [11/Sep/2017:14:17:19 +0000] "GET /ptbr HTTP/1.1" 200 8543
172.68.27.93 - - [11/Sep/2017:14:17:20 +0000] "GET /img/favicon.png HTTP/1.1" 304 -
172.68.27.45 - - [11/Sep/2017:14:36:36 +0000] "GET /ptbr HTTP/1.1" 200 8543
172.68.27.45 - - [11/Sep/2017:14:36:53 +0000] "GET /admin/articles HTTP/1.1" 200 67926
172.68.27.45 - - [11/Sep/2017:14:36:59 +0000] "GET /admin/articles/add HTTP/1.1" 200 375166
172.68.27.45 - - [11/Sep/2017:14:37:07 +0000] "GET /ptbr/publications HTTP/1.1" 200 9558
172.68.27.45 - - [11/Sep/2017:14:59:24 +0000] "GET /admin/pages HTTP/1.1" 200 18107
172.68.27.45 - - [11/Sep/2017:14:59:28 +0000] "GET /admin/page_languages HTTP/1.1" 200 56923
172.68.27.45 - - [11/Sep/2017:15:00:40 +0000] "GET /admin/page_languages/index/sort:id/direction:asc HTTP/1.1" 200 61753
172.68.27.45 - - [11/Sep/2017:15:00:42 +0000] "GET /admin/page_languages/index/sort:id/direction:desc HTTP/1.1" 200 20549
172.68.27.45 - - [11/Sep/2017:15:00:43 +0000] "GET /admin/page_languages/index/sort:id/direction:asc HTTP/1.1" 200 61753
172.68.27.45 - - [11/Sep/2017:15:00:44 +0000] "GET /admin/page_languages/index/sort:id/direction:desc HTTP/1.1" 200 20549
172.68.27.45 - - [11/Sep/2017:15:00:48 +0000] "GET /admin/page_languages/index/sort:id/direction:desc/page:2 HTTP/1.1" 200 19279
172.68.27.45 - - [11/Sep/2017:15:00:51 +0000] "GET /admin/page_languages/index/page:3/sort:id/direction:desc HTTP/1.1" 200 44330
172.68.27.45 - - [11/Sep/2017:15:00:55 +0000] "GET /admin/page_languages/edit/561 HTTP/1.1" 200 15094
172.68.27.45 - - [11/Sep/2017:15:32:56 +0000] "GET /admin/pages/add HTTP/1.1" 200 12917
172.68.27.45 - - [11/Sep/2017:15:41:55 +0000] "POST /admin/pages/add HTTP/1.1" 302 -
172.68.27.45 - - [11/Sep/2017:15:41:55 +0000] "GET /admin/pages HTTP/1.1" 200 18184
172.68.27.45 - - [11/Sep/2017:15:42:09 +0000] "GET /admin/pages/index/sort:id/direction:asc HTTP/1.1" 200 18059
172.68.27.45 - - [11/Sep/2017:15:42:10 +0000] "GET /admin/pages/index/sort:id/direction:desc HTTP/1.1" 200 18097
172.68.27.45 - - [11/Sep/2017:15:42:12 +0000] "GET /admin/page_languages/add HTTP/1.1" 200 12964
172.68.27.45 - - [11/Sep/2017:15:42:28 +0000] "POST /admin/page_languages/add HTTP/1.1" 302 -
172.68.27.45 - - [11/Sep/2017:15:42:28 +0000] "GET /admin/page_languages HTTP/1.1" 200 57000
172.68.27.45 - - [11/Sep/2017:15:42:31 +0000] "GET /admin/page_languages/add HTTP/1.1" 200 12964
172.68.27.45 - - [11/Sep/2017:15:42:47 +0000] "POST /admin/page_languages/add HTTP/1.1" 302 -
172.68.27.45 - - [11/Sep/2017:15:42:47 +0000] "GET /admin/page_languages HTTP/1.1" 200 57000
172.68.27.45 - - [11/Sep/2017:15:42:49 +0000] "GET /admin/pages/add HTTP/1.1" 200 12917
172.68.27.45 - - [11/Sep/2017:15:42:59 +0000] "POST /admin/pages/add HTTP/1.1" 302 -
172.68.27.45 - - [11/Sep/2017:15:42:59 +0000] "GET /admin/pages HTTP/1.1" 200 18184
172.68.27.45 - - [11/Sep/2017:15:43:01 +0000] "GET /admin/page_languages/add HTTP/1.1" 200 12997
172.68.27.45 - - [11/Sep/2017:15:43:13 +0000] "POST /admin/page_languages/add HTTP/1.1" 302 -
172.68.27.45 - - [11/Sep/2017:15:43:14 +0000] "GET /admin/page_languages HTTP/1.1" 200 57000
172.68.27.45 - - [11/Sep/2017:15:43:21 +0000] "GET /admin/page_languages/add HTTP/1.1" 200 12997
172.68.27.45 - - [11/Sep/2017:15:43:31 +0000] "POST /admin/page_languages/add HTTP/1.1" 302 -
172.68.27.45 - - [11/Sep/2017:15:43:32 +0000] "GET /admin/page_languages HTTP/1.1" 200 57000
172.68.27.45 - - [11/Sep/2017:15:43:33 +0000] "GET /ptbr HTTP/1.1" 200 8543
172.68.27.45 - - [11/Sep/2017:15:43:35 +0000] "GET /ptbr/events/abm-week-2016 HTTP/1.1" 200 9611
172.68.27.45 - - [11/Sep/2017:15:43:37 +0000] "GET /ptbr/events/abm-week-2016/expediente-abmweek2016 HTTP/1.1" 200 7477
172.68.27.45 - - [11/Sep/2017:15:43:54 +0000] "GET /ptbr/page/fale-conosco HTTP/1.1" 200 5199
172.68.27.45 - - [11/Sep/2017:15:44:00 +0000] "GET /admin/pages HTTP/1.1" 200 18109
172.68.27.45 - - [11/Sep/2017:15:44:02 +0000] "GET /admin/page_languages HTTP/1.1" 200 56923
172.68.27.45 - - [11/Sep/2017:15:44:03 +0000] "GET /admin/page_languages/index/sort:id/direction:asc HTTP/1.1" 200 61753
172.68.27.45 - - [11/Sep/2017:15:44:07 +0000] "GET /admin/page_languages/index/sort:id/direction:desc HTTP/1.1" 200 26533
172.68.27.45 - - [11/Sep/2017:15:44:12 +0000] "GET /admin/page_languages/index/sort:id/direction:desc/page:2 HTTP/1.1" 200 19609
172.68.27.45 - - [11/Sep/2017:15:44:16 +0000] "GET /admin/page_languages/index/page:3/sort:id/direction:desc HTTP/1.1" 200 38013
172.68.27.45 - - [11/Sep/2017:15:44:22 +0000] "GET /admin/page_languages/index/page:4/sort:id/direction:desc HTTP/1.1" 200 45830
172.68.27.45 - - [11/Sep/2017:15:44:33 +0000] "GET /admin/page_languages/edit/540 HTTP/1.1" 200 13736
172.68.27.45 - - [11/Sep/2017:15:44:33 +0000] "GET /admin/page_languages/edit/539 HTTP/1.1" 200 13724
172.68.27.45 - - [11/Sep/2017:15:44:58 +0000] "POST /admin/page_languages/edit/540 HTTP/1.1" 302 -
172.68.27.45 - - [11/Sep/2017:15:44:59 +0000] "GET /admin/page_languages HTTP/1.1" 200 57002
172.68.27.45 - - [11/Sep/2017:15:45:01 +0000] "GET /admin/page_languages/edit/540 HTTP/1.1" 200 13609
172.68.27.45 - - [11/Sep/2017:15:45:19 +0000] "POST /admin/page_languages/edit/539 HTTP/1.1" 302 -
172.68.27.45 - - [11/Sep/2017:15:45:20 +0000] "GET /admin/page_languages HTTP/1.1" 200 57002
172.68.27.45 - - [11/Sep/2017:15:45:21 +0000] "GET /ptbr/page/fale-conosco HTTP/1.1" 200 5060
172.68.27.45 - - [11/Sep/2017:15:45:41 +0000] "GET /ptbr HTTP/1.1" 200 8543
172.68.27.45 - - [11/Sep/2017:15:45:43 +0000] "GET /ptbr/events/abm-week-2016 HTTP/1.1" 200 9611
172.68.27.45 - - [11/Sep/2017:15:51:26 +0000] "GET /ptbr/events/abm-week-2016 HTTP/1.1" 200 9884
172.68.27.45 - - [11/Sep/2017:15:53:00 +0000] "GET /ptbr/events/abm-week-2016 HTTP/1.1" 200 9884
172.68.27.45 - - [11/Sep/2017:15:53:06 +0000] "GET /css/theme.css.map HTTP/1.1" 200 13405
172.68.27.45 - - [11/Sep/2017:15:53:06 +0000] "GET /css/bootstrap-theme.min.css.map HTTP/1.1" 302 -
172.68.27.45 - - [11/Sep/2017:15:53:06 +0000] "GET /css/bootstrap.min.css.map HTTP/1.1" 302 -
172.68.27.45 - - [11/Sep/2017:15:53:06 +0000] "GET /ptbr HTTP/1.1" 200 8543
172.68.27.45 - - [11/Sep/2017:15:53:06 +0000] "GET /ptbr HTTP/1.1" 200 8543
172.68.27.45 - - [11/Sep/2017:15:53:35 +0000] "GET /ptbr/events/abm-week-2016 HTTP/1.1" 200 9910
172.68.27.45 - - [11/Sep/2017:15:53:36 +0000] "GET /css/theme.css.map HTTP/1.1" 200 13405
172.68.27.45 - - [11/Sep/2017:15:53:36 +0000] "GET /css/bootstrap.min.css.map HTTP/1.1" 302 -
172.68.27.45 - - [11/Sep/2017:15:53:36 +0000] "GET /css/bootstrap-theme.min.css.map HTTP/1.1" 302 -
172.68.27.45 - - [11/Sep/2017:15:53:36 +0000] "GET /ptbr HTTP/1.1" 200 8543
172.68.27.45 - - [11/Sep/2017:15:53:36 +0000] "GET /ptbr HTTP/1.1" 200 8543
172.68.27.45 - - [11/Sep/2017:15:54:22 +0000] "GET /ptbr/page/sobre-o-abm-proceedings HTTP/1.1" 200 6945
172.68.27.45 - - [11/Sep/2017:15:54:22 +0000] "GET /css/theme.css.map HTTP/1.1" 200 13405
172.68.27.45 - - [11/Sep/2017:15:54:22 +0000] "GET /css/bootstrap.min.css.map HTTP/1.1" 302 -
172.68.27.45 - - [11/Sep/2017:15:54:22 +0000] "GET /css/bootstrap-theme.min.css.map HTTP/1.1" 302 -
172.68.27.45 - - [11/Sep/2017:15:54:23 +0000] "GET /ptbr HTTP/1.1" 200 8543
172.68.27.45 - - [11/Sep/2017:15:54:23 +0000] "GET /ptbr HTTP/1.1" 200 8543
172.68.27.45 - - [11/Sep/2017:15:54:47 +0000] "GET /admin/pages HTTP/1.1" 302 -
172.68.27.45 - - [11/Sep/2017:15:54:47 +0000] "GET /admin/users/login HTTP/1.1" 200 1640
172.68.25.13 - - [11/Sep/2017:15:54:47 +0000] "GET /favicon.ico HTTP/1.1" 304 -
172.68.27.45 - - [11/Sep/2017:15:54:52 +0000] "POST /admin/users/login HTTP/1.1" 302 -
172.68.27.45 - - [11/Sep/2017:15:54:53 +0000] "GET /admin HTTP/1.1" 200 918
172.68.27.45 - - [11/Sep/2017:15:54:57 +0000] "GET /admin/pages HTTP/1.1" 200 18109
172.68.27.45 - - [11/Sep/2017:15:55:00 +0000] "GET /admin/page_languages HTTP/1.1" 200 56923
172.68.27.45 - - [11/Sep/2017:15:55:02 +0000] "GET /admin/page_languages/index/sort:id/direction:asc HTTP/1.1" 200 61753
172.68.27.45 - - [11/Sep/2017:15:55:10 +0000] "GET /admin/page_languages/index/sort:id/direction:asc/page:2 HTTP/1.1" 200 50322
172.68.27.45 - - [11/Sep/2017:15:55:18 +0000] "GET /admin/page_languages/edit/537 HTTP/1.1" 200 15425
172.68.27.45 - - [11/Sep/2017:15:55:19 +0000] "GET /admin/page_languages/edit/538 HTTP/1.1" 200 15429
172.68.27.45 - - [11/Sep/2017:15:55:34 +0000] "POST /admin/page_languages/edit/538 HTTP/1.1" 302 -
172.68.27.45 - - [11/Sep/2017:15:55:35 +0000] "GET /admin/page_languages HTTP/1.1" 200 57002
172.68.27.45 - - [11/Sep/2017:15:55:36 +0000] "GET /ptbr/page/sobre-o-abm-proceedings HTTP/1.1" 200 5864
172.68.27.45 - - [11/Sep/2017:15:55:36 +0000] "GET /css/bootstrap.min.css.map HTTP/1.1" 302 -
172.68.27.45 - - [11/Sep/2017:15:55:36 +0000] "GET /css/bootstrap-theme.min.css.map HTTP/1.1" 302 -
172.68.27.45 - - [11/Sep/2017:15:55:37 +0000] "GET /css/theme.css.map HTTP/1.1" 200 13405
172.68.27.45 - - [11/Sep/2017:15:55:37 +0000] "GET /ptbr HTTP/1.1" 200 8543
172.68.27.45 - - [11/Sep/2017:15:55:37 +0000] "GET /ptbr HTTP/1.1" 200 8543
172.68.27.45 - - [11/Sep/2017:15:55:39 +0000] "GET /admin/page_languages/edit/538 HTTP/1.1" 200 14366
172.68.27.45 - - [11/Sep/2017:15:55:45 +0000] "POST /admin/page_languages/edit/538 HTTP/1.1" 302 -
172.68.27.45 - - [11/Sep/2017:15:55:46 +0000] "GET /admin/page_languages HTTP/1.1" 200 57002
172.68.27.45 - - [11/Sep/2017:15:55:47 +0000] "GET /ptbr/page/sobre-o-abm-proceedings HTTP/1.1" 200 5880
172.68.27.45 - - [11/Sep/2017:15:55:47 +0000] "GET /css/bootstrap.min.css.map HTTP/1.1" 302 -
172.68.27.45 - - [11/Sep/2017:15:55:47 +0000] "GET /css/theme.css.map HTTP/1.1" 200 13405
172.68.27.45 - - [11/Sep/2017:15:55:47 +0000] "GET /css/bootstrap-theme.min.css.map HTTP/1.1" 302 -
172.68.27.45 - - [11/Sep/2017:15:55:47 +0000] "GET /ptbr HTTP/1.1" 200 8543
172.68.27.45 - - [11/Sep/2017:15:55:47 +0000] "GET /ptbr HTTP/1.1" 200 8543
172.68.27.45 - - [11/Sep/2017:15:56:54 +0000] "GET /admin/page_languages/edit/538 HTTP/1.1" 200 14370
172.68.27.45 - - [11/Sep/2017:15:57:09 +0000] "POST /admin/page_languages/edit/538 HTTP/1.1" 302 -
172.68.27.45 - - [11/Sep/2017:15:57:09 +0000] "GET /admin/page_languages HTTP/1.1" 200 57002
172.68.27.45 - - [11/Sep/2017:15:57:11 +0000] "GET /ptbr/page/sobre-o-abm-proceedings HTTP/1.1" 200 5888
172.68.27.45 - - [11/Sep/2017:15:57:12 +0000] "GET /css/bootstrap.min.css.map HTTP/1.1" 302 -
172.68.27.45 - - [11/Sep/2017:15:57:12 +0000] "GET /css/theme.css.map HTTP/1.1" 200 13405
172.68.27.45 - - [11/Sep/2017:15:57:12 +0000] "GET /css/bootstrap-theme.min.css.map HTTP/1.1" 302 -
172.68.27.45 - - [11/Sep/2017:15:57:12 +0000] "GET /ptbr HTTP/1.1" 200 8543
172.68.27.45 - - [11/Sep/2017:15:57:12 +0000] "GET /ptbr HTTP/1.1" 200 8543
172.68.27.45 - - [11/Sep/2017:15:57:13 +0000] "GET /eng/page/sobre-o-abm-proceedings HTTP/1.1" 200 4824
172.68.27.45 - - [11/Sep/2017:15:57:14 +0000] "GET /css/theme.css.map HTTP/1.1" 200 13405
172.68.27.45 - - [11/Sep/2017:15:57:14 +0000] "GET /css/bootstrap-theme.min.css.map HTTP/1.1" 302 -
172.68.27.45 - - [11/Sep/2017:15:57:14 +0000] "GET /css/bootstrap.min.css.map HTTP/1.1" 302 -
172.68.27.45 - - [11/Sep/2017:15:57:14 +0000] "GET /ptbr HTTP/1.1" 200 8543
172.68.27.45 - - [11/Sep/2017:15:57:14 +0000] "GET /ptbr HTTP/1.1" 200 8543
172.68.27.45 - - [11/Sep/2017:15:57:15 +0000] "GET /eng/page/about-abm-proceedings HTTP/1.1" 200 6847
172.68.27.45 - - [11/Sep/2017:15:57:15 +0000] "GET /css/theme.css.map HTTP/1.1" 200 13405
172.68.27.45 - - [11/Sep/2017:15:57:15 +0000] "GET /css/bootstrap-theme.min.css.map HTTP/1.1" 302 -
172.68.27.45 - - [11/Sep/2017:15:57:15 +0000] "GET /css/bootstrap.min.css.map HTTP/1.1" 302 -
172.68.27.45 - - [11/Sep/2017:15:57:15 +0000] "GET /ptbr HTTP/1.1" 200 8543
172.68.27.45 - - [11/Sep/2017:15:57:15 +0000] "GET /ptbr HTTP/1.1" 200 8543
172.68.27.45 - - [11/Sep/2017:15:58:27 +0000] "POST /admin/page_languages/edit/537 HTTP/1.1" 302 -
172.68.27.45 - - [11/Sep/2017:15:58:28 +0000] "GET /admin/page_languages HTTP/1.1" 200 55897
172.68.27.45 - - [11/Sep/2017:15:58:31 +0000] "GET /eng/page/about-abm-proceedings HTTP/1.1" 200 5742
172.68.27.45 - - [11/Sep/2017:15:58:31 +0000] "GET /css/bootstrap-theme.min.css.map HTTP/1.1" 302 -
172.68.27.45 - - [11/Sep/2017:15:58:31 +0000] "GET /css/theme.css.map HTTP/1.1" 200 13405
172.68.27.45 - - [11/Sep/2017:15:58:31 +0000] "GET /css/bootstrap.min.css.map HTTP/1.1" 302 -
172.68.27.45 - - [11/Sep/2017:15:58:31 +0000] "GET /ptbr HTTP/1.1" 200 8543
172.68.27.45 - - [11/Sep/2017:15:58:32 +0000] "GET /ptbr HTTP/1.1" 200 8543
172.68.27.45 - - [11/Sep/2017:15:59:04 +0000] "GET /eng HTTP/1.1" 200 8281
172.68.27.45 - - [11/Sep/2017:15:59:05 +0000] "GET /css/theme.css.map HTTP/1.1" 200 13405
172.68.27.45 - - [11/Sep/2017:15:59:05 +0000] "GET /css/bootstrap.min.css.map HTTP/1.1" 302 -
172.68.27.45 - - [11/Sep/2017:15:59:05 +0000] "GET /css/bootstrap-theme.min.css.map HTTP/1.1" 302 -
172.68.27.45 - - [11/Sep/2017:15:59:05 +0000] "GET /ptbr HTTP/1.1" 200 8543
172.68.27.45 - - [11/Sep/2017:15:59:05 +0000] "GET /ptbr HTTP/1.1" 200 8543
172.68.27.45 - - [11/Sep/2017:16:02:54 +0000] "GET /eng/publications HTTP/1.1" 200 9411
172.68.27.45 - - [11/Sep/2017:16:02:59 +0000] "GET /eng/page/about-abm-proceedings HTTP/1.1" 200 5742
172.68.27.45 - - [11/Sep/2017:16:03:00 +0000] "GET /eng/page/contact HTTP/1.1" 200 4953
172.68.27.45 - - [11/Sep/2017:16:03:02 +0000] "GET /eng/publications HTTP/1.1" 200 9411
172.68.27.45 - - [11/Sep/2017:16:03:03 +0000] "GET /eng/publications HTTP/1.1" 200 9411
172.68.27.45 - - [11/Sep/2017:16:03:04 +0000] "GET /eng/publication/proceedings-of-the-rolling-and-metal-forming-seminar HTTP/1.1" 200 6547
172.68.27.45 - - [11/Sep/2017:16:03:05 +0000] "GET /ptbr/publication/proceedings-of-the-rolling-and-metal-forming-seminar HTTP/1.1" 302 -
172.68.27.45 - - [11/Sep/2017:16:03:06 +0000] "GET / HTTP/1.1" 302 -
172.68.27.45 - - [11/Sep/2017:16:03:06 +0000] "GET /ptbr HTTP/1.1" 200 8543
172.68.27.45 - - [11/Sep/2017:16:03:08 +0000] "GET /ptbr/publications HTTP/1.1" 200 9558
172.68.27.45 - - [11/Sep/2017:16:03:09 +0000] "GET /ptbr/publication/anais-do-seminario-de-laminacao-e-conformacao HTTP/1.1" 200 6677
172.68.27.45 - - [11/Sep/2017:16:03:14 +0000] "GET /ptbr/publication/anais-do-seminario-de-laminacao-e-conformacao/expediente-laminacao HTTP/1.1" 200 7236
172.68.27.45 - - [11/Sep/2017:16:15:52 +0000] "GET /ptbr/publications HTTP/1.1" 200 9558
198.41.226.175 - - [11/Sep/2017:16:49:47 +0000] "GET / HTTP/1.1" 302 -
198.41.226.175 - - [11/Sep/2017:16:49:47 +0000] "GET /ptbr HTTP/1.1" 200 8543
198.41.226.109 - - [11/Sep/2017:16:49:48 +0000] "GET /uploads/img/suport-1.png HTTP/1.1" 304 -
198.41.226.145 - - [11/Sep/2017:16:49:48 +0000] "GET /img/logo.svg HTTP/1.1" 200 7300
198.41.226.85 - - [11/Sep/2017:16:49:48 +0000] "GET /img/blucher-proceedings.svg HTTP/1.1" 200 9343
198.41.226.157 - - [11/Sep/2017:16:49:48 +0000] "GET /img/logo-footer.svg HTTP/1.1" 200 16391
198.41.226.115 - - [11/Sep/2017:16:49:48 +0000] "GET /css/theme.css HTTP/1.1" 200 12388
198.41.226.31 - - [11/Sep/2017:16:49:48 +0000] "GET /img/events/abmweek2016.svg HTTP/1.1" 200 13374
198.41.226.145 - - [11/Sep/2017:16:49:48 +0000] "GET /css/bootstrap.min.css HTTP/1.1" 200 121200
198.41.226.151 - - [11/Sep/2017:16:49:49 +0000] "GET /css/bootstrap-theme.min.css HTTP/1.1" 304 -
198.41.226.43 - - [11/Sep/2017:16:49:50 +0000] "GET /uploads/img/suport-2.png HTTP/1.1" 200 515
198.41.226.19 - - [11/Sep/2017:16:49:51 +0000] "GET /js/bootstrap.min.js HTTP/1.1" 200 37045
198.41.226.175 - - [11/Sep/2017:16:49:51 +0000] "GET /ptbr/event/71-congresso-anual-da-abm HTTP/1.1" 200 8872
198.41.226.43 - - [11/Sep/2017:16:49:52 +0000] "GET /uploads/img/suport-3.png HTTP/1.1" 304 -
198.41.226.67 - - [11/Sep/2017:16:49:53 +0000] "GET /js/jquery.min.js HTTP/1.1" 304 -
198.41.226.139 - - [11/Sep/2017:16:49:53 +0000] "GET /css/img/search-icon.svg HTTP/1.1" 200 805
198.41.226.115 - - [11/Sep/2017:16:49:53 +0000] "GET /img/events/abmweek2016.png HTTP/1.1" 200 39893
198.41.226.139 - - [11/Sep/2017:16:49:53 +0000] "GET /css/img/search-icon.svg HTTP/1.1" 200 805
198.41.226.79 - - [11/Sep/2017:16:49:53 +0000] "GET /img/favicon.png HTTP/1.1" 200 1846
198.41.226.175 - - [11/Sep/2017:16:49:54 +0000] "GET /ptbr/event/71-congresso-anual-da-abm/articles HTTP/1.1" 200 201080
198.41.226.145 - - [11/Sep/2017:16:49:55 +0000] "GET /img/pdf-icon.png HTTP/1.1" 200 9571
198.41.226.175 - - [11/Sep/2017:16:49:57 +0000] "GET /ptbr/article/propriedades-de-tracao-em-compositos-de-matriz-epoxi-reforcadas-com-fibras-alinhadas-de-malva-sisal-e-bambu HTTP/1.1" 200 12471
198.41.226.157 - - [11/Sep/2017:16:49:58 +0000] "GET /img/pdf.svg HTTP/1.1" 200 1487
198.41.226.175 - - [11/Sep/2017:16:50:13 +0000] "GET /admin HTTP/1.1" 302 -
198.41.226.175 - - [11/Sep/2017:16:50:13 +0000] "GET /admin/users/login HTTP/1.1" 200 1640
198.41.226.103 - - [11/Sep/2017:16:50:14 +0000] "GET /css/cake.generic.css HTTP/1.1" 200 15462
198.41.226.91 - - [11/Sep/2017:16:50:14 +0000] "GET /img/cake.power.gif HTTP/1.1" 200 201
198.41.226.37 - - [11/Sep/2017:16:50:14 +0000] "GET /img/cake.icon.png HTTP/1.1" 304 -
198.41.226.151 - - [11/Sep/2017:16:50:14 +0000] "GET /favicon.ico HTTP/1.1" 304 -
198.41.226.175 - - [11/Sep/2017:16:50:16 +0000] "POST /admin/users/login HTTP/1.1" 302 -
198.41.226.175 - - [11/Sep/2017:16:50:16 +0000] "GET /admin HTTP/1.1" 200 918
198.41.226.175 - - [11/Sep/2017:16:50:24 +0000] "GET /admin/articles HTTP/1.1" 200 67926
198.41.226.175 - - [11/Sep/2017:16:50:26 +0000] "GET /admin/articles/add HTTP/1.1" 200 375108
172.68.218.67 - - [11/Sep/2017:16:50:49 +0000] "GET / HTTP/1.1" 302 -
172.68.218.67 - - [11/Sep/2017:16:50:49 +0000] "GET /ptbr HTTP/1.1" 200 8543
172.68.218.13 - - [11/Sep/2017:16:50:49 +0000] "GET /img/logo.svg HTTP/1.1" 200 7300
172.68.218.109 - - [11/Sep/2017:16:50:49 +0000] "GET /css/theme.css HTTP/1.1" 304 -
172.68.218.25 - - [11/Sep/2017:16:50:49 +0000] "GET /css/bootstrap-theme.min.css HTTP/1.1" 304 -
172.68.218.37 - - [11/Sep/2017:16:50:49 +0000] "GET /img/events/abmweek2016.svg HTTP/1.1" 304 -
172.68.218.61 - - [11/Sep/2017:16:50:49 +0000] "GET /js/bootstrap.min.js HTTP/1.1" 200 37045
172.68.218.25 - - [11/Sep/2017:16:50:49 +0000] "GET /img/blucher-proceedings.svg HTTP/1.1" 304 -
172.68.218.43 - - [11/Sep/2017:16:50:49 +0000] "GET /uploads/img/suport-1.png HTTP/1.1" 200 328
172.68.218.25 - - [11/Sep/2017:16:50:49 +0000] "GET /css/bootstrap.min.css HTTP/1.1" 200 121200
172.68.218.67 - - [11/Sep/2017:16:50:50 +0000] "GET /img/logo-footer.svg HTTP/1.1" 304 -
172.68.218.97 - - [11/Sep/2017:16:50:51 +0000] "GET /js/jquery.min.js HTTP/1.1" 304 -
172.68.218.97 - - [11/Sep/2017:16:50:51 +0000] "GET /uploads/img/suport-3.png HTTP/1.1" 200 439
172.68.218.19 - - [11/Sep/2017:16:50:52 +0000] "GET /uploads/img/suport-2.png HTTP/1.1" 304 -
172.68.218.19 - - [11/Sep/2017:16:50:52 +0000] "GET /css/img/search-icon.svg HTTP/1.1" 304 -
172.68.218.25 - - [11/Sep/2017:16:50:52 +0000] "GET /img/favicon.png HTTP/1.1" 200 1846
172.68.25.241 - - [11/Sep/2017:17:06:32 +0000] "GET /ptbr HTTP/1.1" 200 8543
172.68.27.45 - - [11/Sep/2017:17:46:42 +0000] "GET /admin/events HTTP/1.1" 200 23308
172.68.27.45 - - [11/Sep/2017:17:47:12 +0000] "GET /admin/event_categories HTTP/1.1" 200 12999
172.68.27.45 - - [11/Sep/2017:17:47:19 +0000] "GET /admin/event_categories/index/sort:id/direction:asc HTTP/1.1" 200 12999
172.68.27.45 - - [11/Sep/2017:17:47:31 +0000] "GET /admin/event_categories/add HTTP/1.1" 200 8805
172.68.27.45 - - [11/Sep/2017:17:47:49 +0000] "POST /admin/event_categories/add HTTP/1.1" 302 -
172.68.27.45 - - [11/Sep/2017:17:47:50 +0000] "GET /admin/event_categories HTTP/1.1" 200 13728
172.68.27.45 - - [11/Sep/2017:17:53:03 +0000] "GET /admin/events HTTP/1.1" 200 23308
172.68.27.45 - - [11/Sep/2017:17:53:06 +0000] "GET /admin/events/index/sort:id/direction:asc HTTP/1.1" 200 23321
172.68.27.45 - - [11/Sep/2017:17:53:07 +0000] "GET /admin/events/index/sort:id/direction:desc HTTP/1.1" 200 23321
172.68.27.45 - - [11/Sep/2017:17:53:11 +0000] "GET /admin/events/index/sort:publication_id/direction:asc HTTP/1.1" 200 23321
172.68.218.67 - - [11/Sep/2017:17:53:22 +0000] "GET / HTTP/1.1" 302 -
172.68.218.67 - - [11/Sep/2017:17:53:23 +0000] "GET /ptbr HTTP/1.1" 200 8543
172.68.27.45 - - [11/Sep/2017:17:53:30 +0000] "GET /admin/event_categories HTTP/1.1" 200 13641
172.68.27.45 - - [11/Sep/2017:17:53:32 +0000] "GET /admin/event_categories/index/sort:event_id/direction:asc HTTP/1.1" 200 13641
172.68.27.45 - - [11/Sep/2017:17:53:46 +0000] "GET /admin/event_categories/index/sort:event_id/direction:desc HTTP/1.1" 200 13641
172.68.27.45 - - [11/Sep/2017:17:53:47 +0000] "GET /admin/event_categories/index/sort:event_id/direction:asc HTTP/1.1" 200 13641
172.68.27.45 - - [11/Sep/2017:18:27:58 +0000] "GET / HTTP/1.1" 302 -
172.68.27.45 - - [11/Sep/2017:18:27:59 +0000] "GET /ptbr HTTP/1.1" 200 8543
172.68.27.45 - - [11/Sep/2017:18:28:02 +0000] "GET /ptbr/event/71-congresso-anual-da-abm HTTP/1.1" 200 8872
172.68.27.45 - - [11/Sep/2017:18:28:03 +0000] "GET /ptbr/publications HTTP/1.1" 200 9558
172.68.27.45 - - [11/Sep/2017:18:28:04 +0000] "GET /ptbr HTTP/1.1" 200 8543
172.68.27.45 - - [11/Sep/2017:18:29:10 +0000] "GET / HTTP/1.1" 302 -
172.68.27.45 - - [11/Sep/2017:18:29:10 +0000] "GET /ptbr HTTP/1.1" 200 8543
172.68.26.14 - - [11/Sep/2017:18:29:10 +0000] "GET /css/bootstrap.min.css HTTP/1.1" 304 -
172.68.25.109 - - [11/Sep/2017:18:29:10 +0000] "GET /css/theme.css HTTP/1.1" 304 -
172.68.25.37 - - [11/Sep/2017:18:29:10 +0000] "GET /img/logo.svg HTTP/1.1" 304 -
172.68.27.189 - - [11/Sep/2017:18:29:10 +0000] "GET /uploads/img/suport-3.png HTTP/1.1" 304 -
172.68.27.153 - - [11/Sep/2017:18:29:10 +0000] "GET /js/bootstrap.min.js HTTP/1.1" 304 -
172.68.26.248 - - [11/Sep/2017:18:29:10 +0000] "GET /uploads/img/suport-1.png HTTP/1.1" 304 -
172.68.25.181 - - [11/Sep/2017:18:29:10 +0000] "GET /img/events/abmweek2016.svg HTTP/1.1" 304 -
172.68.26.14 - - [11/Sep/2017:18:29:10 +0000] "GET /img/blucher-proceedings.svg HTTP/1.1" 304 -
172.68.27.27 - - [11/Sep/2017:18:29:10 +0000] "GET /uploads/img/suport-2.png HTTP/1.1" 304 -
172.68.27.225 - - [11/Sep/2017:18:29:10 +0000] "GET /js/jquery.min.js HTTP/1.1" 304 -
172.68.25.109 - - [11/Sep/2017:18:29:10 +0000] "GET /css/bootstrap-theme.min.css HTTP/1.1" 304 -
172.68.25.73 - - [11/Sep/2017:18:29:10 +0000] "GET /img/logo-footer.svg HTTP/1.1" 304 -
172.68.25.91 - - [11/Sep/2017:18:29:11 +0000] "GET /css/img/search-icon.svg HTTP/1.1" 304 -
172.68.27.45 - - [11/Sep/2017:18:29:12 +0000] "GET /ptbr/events/abm-week-2016 HTTP/1.1" 200 9910
172.68.27.99 - - [11/Sep/2017:18:29:13 +0000] "GET /img/events/abmweek2016.png HTTP/1.1" 304 -
172.68.27.45 - - [11/Sep/2017:18:29:14 +0000] "GET /ptbr/event/53-seminario-de-laminacao HTTP/1.1" 200 8383
172.68.27.45 - - [11/Sep/2017:18:40:04 +0000] "GET /ptbr HTTP/1.1" 200 8543
172.68.27.45 - - [11/Sep/2017:18:40:06 +0000] "GET /ptbr/events/abm-week-2016 HTTP/1.1" 200 9910
172.68.27.45 - - [11/Sep/2017:18:40:08 +0000] "GET /ptbr HTTP/1.1" 200 8543
172.68.27.45 - - [11/Sep/2017:19:01:40 +0000] "GET /ptbr HTTP/1.1" 200 8543
172.68.27.45 - - [11/Sep/2017:19:01:42 +0000] "GET /ptbr/publications HTTP/1.1" 200 9558
172.68.27.45 - - [11/Sep/2017:19:02:10 +0000] "GET /ptbr/publications HTTP/1.1" 200 9558
172.68.27.93 - - [11/Sep/2017:19:02:12 +0000] "GET /img/favicon.png HTTP/1.1" 304 -
172.68.25.241 - - [11/Sep/2017:19:39:27 +0000] "GET / HTTP/1.1" 302 -
172.68.25.241 - - [11/Sep/2017:19:39:27 +0000] "GET /ptbr HTTP/1.1" 200 8543
172.68.25.241 - - [11/Sep/2017:19:39:34 +0000] "GET / HTTP/1.1" 302 -
172.68.25.241 - - [11/Sep/2017:19:39:34 +0000] "GET /ptbr HTTP/1.1" 200 8543
172.68.27.45 - - [11/Sep/2017:19:56:13 +0000] "GET / HTTP/1.1" 302 -
172.68.27.45 - - [11/Sep/2017:19:56:15 +0000] "GET /ptbr HTTP/1.1" 200 8543
172.68.27.45 - - [11/Sep/2017:19:56:18 +0000] "GET /ptbr/publications HTTP/1.1" 200 9558
172.68.27.45 - - [11/Sep/2017:19:57:38 +0000] "GET /ptbr/publications HTTP/1.1" 200 9558
172.68.27.45 - - [11/Sep/2017:19:57:40 +0000] "GET /ptbr HTTP/1.1" 200 8543
172.68.27.45 - - [11/Sep/2017:20:16:10 +0000] "GET / HTTP/1.1" 302 -
172.68.27.45 - - [11/Sep/2017:20:16:11 +0000] "GET /ptbr HTTP/1.1" 200 8543
108.162.246.230 - - [12/Sep/2017:00:18:37 +0000] "GET / HTTP/1.1" 302 -
108.162.246.230 - - [12/Sep/2017:00:18:37 +0000] "GET /ptbr HTTP/1.1" 200 8543
172.68.26.206 - - [12/Sep/2017:14:55:17 +0000] "GET / HTTP/1.1" 302 -
172.68.26.206 - - [12/Sep/2017:14:55:17 +0000] "GET /ptbr HTTP/1.1" 200 8543
172.68.27.189 - - [12/Sep/2017:14:55:18 +0000] "GET /uploads/img/suport-3.png HTTP/1.1" 304 -
172.68.25.109 - - [12/Sep/2017:14:55:18 +0000] "GET /css/bootstrap-theme.min.css HTTP/1.1" 304 -
172.68.27.27 - - [12/Sep/2017:14:55:18 +0000] "GET /uploads/img/suport-2.png HTTP/1.1" 304 -
