198.41.226.31 - - [29/Aug/2017:18:38:41 +0000] "GET /getinfo.php HTTP/1.1" 200 94404
198.41.226.151 - - [29/Aug/2017:18:38:42 +0000] "GET /favicon.ico HTTP/1.1" 404 209
198.41.226.31 - - [29/Aug/2017:18:43:24 +0000] "GET /getinfo.php HTTP/1.1" 200 94859
198.41.226.31 - - [29/Aug/2017:18:48:45 +0000] "GET / HTTP/1.1" 500 -
198.41.226.31 - - [29/Aug/2017:18:48:59 +0000] "GET /getinfo.php HTTP/1.1" 200 94623
198.41.226.31 - - [29/Aug/2017:18:49:08 +0000] "GET /index.php HTTP/1.1" 500 -
198.41.226.31 - - [29/Aug/2017:18:51:07 +0000] "GET /index.php HTTP/1.1" 302 -
198.41.226.31 - - [29/Aug/2017:18:51:08 +0000] "GET /ptbr HTTP/1.1" 404 202
198.41.226.31 - - [29/Aug/2017:18:55:15 +0000] "GET /ptbr HTTP/1.1" 200 8208
172.68.25.109 - - [29/Aug/2017:18:55:15 +0000] "GET /css/bootstrap-theme.min.css HTTP/1.1" 200 23409
198.41.226.145 - - [29/Aug/2017:18:55:15 +0000] "GET /css/bootstrap.min.css HTTP/1.1" 200 121200
198.41.226.115 - - [29/Aug/2017:18:55:16 +0000] "GET /css/theme.css HTTP/1.1" 200 12388
198.41.226.67 - - [29/Aug/2017:18:55:16 +0000] "GET /js/jquery.min.js HTTP/1.1" 200 85577
198.41.226.19 - - [29/Aug/2017:18:55:16 +0000] "GET /js/bootstrap.min.js HTTP/1.1" 200 37045
172.68.25.37 - - [29/Aug/2017:18:55:16 +0000] "GET /img/logo.svg HTTP/1.1" 200 7128
198.41.226.31 - - [29/Aug/2017:18:55:16 +0000] "GET /img/events/abmweek2016.svg HTTP/1.1" 200 13374
172.68.26.14 - - [29/Aug/2017:18:55:16 +0000] "GET /img/blucher-proceedings.svg HTTP/1.1" 200 9343
198.41.226.109 - - [29/Aug/2017:18:55:16 +0000] "GET /uploads/img/suport-1.png HTTP/1.1" 200 328
198.41.226.43 - - [29/Aug/2017:18:55:16 +0000] "GET /uploads/img/suport-2.png HTTP/1.1" 200 515
172.68.27.189 - - [29/Aug/2017:18:55:17 +0000] "GET /uploads/img/suport-3.png HTTP/1.1" 200 439
172.68.25.91 - - [29/Aug/2017:18:55:17 +0000] "GET /css/img/search-icon.svg HTTP/1.1" 200 805
172.68.27.93 - - [29/Aug/2017:18:55:18 +0000] "GET /img/favicon.png HTTP/1.1" 200 1846
172.68.26.20 - - [29/Aug/2017:18:55:19 +0000] "GET /ptbr/publications HTTP/1.1" 200 9217
172.68.26.20 - - [29/Aug/2017:18:55:22 +0000] "GET /ptbr/publication/anais-do-congresso-anual-da-abm HTTP/1.1" 200 6145
172.68.27.99 - - [29/Aug/2017:18:55:22 +0000] "GET /img/events/abmweek2016.png HTTP/1.1" 200 39893
172.68.26.20 - - [29/Aug/2017:18:55:24 +0000] "GET /ptbr/event/71-congresso-anual-da-abm HTTP/1.1" 200 8297
198.41.226.31 - - [29/Aug/2017:18:55:27 +0000] "GET /ptbr/event/71-congresso-anual-da-abm/articles HTTP/1.1" 200 193496
198.41.226.145 - - [29/Aug/2017:18:55:28 +0000] "GET /img/pdf-icon.png HTTP/1.1" 200 9571
198.41.226.31 - - [29/Aug/2017:18:55:29 +0000] "GET /ptbr/article/propriedades-de-tracao-em-compositos-de-matriz-epoxi-reforcadas-com-fibras-alinhadas-de-malva-sisal-e-bambu HTTP/1.1" 200 10990
198.41.226.157 - - [29/Aug/2017:18:55:30 +0000] "GET /img/pdf.svg HTTP/1.1" 200 1487
198.41.226.31 - - [29/Aug/2017:18:55:32 +0000] "GET /ptbr HTTP/1.1" 200 8208
198.41.226.31 - - [29/Aug/2017:18:55:37 +0000] "GET /ptbr HTTP/1.1" 200 8208
198.41.226.31 - - [29/Aug/2017:18:58:39 +0000] "GET /ptbr HTTP/1.1" 200 8208
198.41.226.79 - - [29/Aug/2017:18:58:40 +0000] "GET /img/favicon.png HTTP/1.1" 200 1846
198.41.226.31 - - [29/Aug/2017:18:58:42 +0000] "GET /ptbr HTTP/1.1" 200 8208
198.41.226.151 - - [29/Aug/2017:18:58:43 +0000] "GET /css/bootstrap-theme.min.css HTTP/1.1" 200 23409
198.41.226.145 - - [29/Aug/2017:18:58:43 +0000] "GET /img/logo.svg HTTP/1.1" 200 7128
198.41.226.85 - - [29/Aug/2017:18:58:43 +0000] "GET /img/blucher-proceedings.svg HTTP/1.1" 200 9343
198.41.226.43 - - [29/Aug/2017:18:58:43 +0000] "GET /uploads/img/suport-3.png HTTP/1.1" 200 439
198.41.226.139 - - [29/Aug/2017:18:58:44 +0000] "GET /css/img/search-icon.svg HTTP/1.1" 200 805
198.41.226.31 - - [29/Aug/2017:18:58:48 +0000] "GET /ptbr HTTP/1.1" 200 8208
198.41.226.31 - - [29/Aug/2017:18:58:51 +0000] "GET /ptbr HTTP/1.1" 200 8208
198.41.226.31 - - [29/Aug/2017:18:58:54 +0000] "GET /ptbr/publications HTTP/1.1" 200 9217
198.41.226.31 - - [29/Aug/2017:18:58:56 +0000] "GET /ptbr HTTP/1.1" 200 8208
198.41.226.91 - - [29/Aug/2017:19:00:03 +0000] "GET /ptbr HTTP/1.1" 200 8208
198.41.226.73 - - [29/Aug/2017:19:00:04 +0000] "GET /css/theme.css HTTP/1.1" 200 12388
198.41.226.175 - - [29/Aug/2017:19:00:04 +0000] "GET /css/bootstrap-theme.min.css HTTP/1.1" 200 23409
198.41.226.7 - - [29/Aug/2017:19:00:04 +0000] "GET /uploads/img/suport-1.png HTTP/1.1" 200 328
198.41.226.7 - - [29/Aug/2017:19:00:04 +0000] "GET /img/logo.svg HTTP/1.1" 200 7128
198.41.226.43 - - [29/Aug/2017:19:00:04 +0000] "GET /img/blucher-proceedings.svg HTTP/1.1" 200 9343
198.41.226.115 - - [29/Aug/2017:19:00:04 +0000] "GET /uploads/img/suport-2.png HTTP/1.1" 200 515
198.41.226.145 - - [29/Aug/2017:19:00:04 +0000] "GET /img/events/abmweek2016.svg HTTP/1.1" 200 13374
198.41.226.7 - - [29/Aug/2017:19:00:04 +0000] "GET /uploads/img/suport-3.png HTTP/1.1" 200 439
198.41.226.127 - - [29/Aug/2017:19:00:04 +0000] "GET /css/bootstrap.min.css HTTP/1.1" 200 121200
198.41.226.133 - - [29/Aug/2017:19:00:04 +0000] "GET /js/bootstrap.min.js HTTP/1.1" 200 37045
198.41.226.91 - - [29/Aug/2017:19:00:05 +0000] "GET /css/img/search-icon.svg HTTP/1.1" 200 805
198.41.226.97 - - [29/Aug/2017:19:00:05 +0000] "GET /js/jquery.min.js HTTP/1.1" 200 85577
198.41.226.151 - - [29/Aug/2017:19:00:06 +0000] "GET /img/favicon.png HTTP/1.1" 200 1846
198.41.226.31 - - [29/Aug/2017:19:00:11 +0000] "GET /ptbr HTTP/1.1" 200 8208
198.41.226.31 - - [29/Aug/2017:19:59:37 +0000] "GET /admin HTTP/1.1" 302 -
198.41.226.31 - - [29/Aug/2017:19:59:38 +0000] "GET /admin/users/login HTTP/1.1" 200 1640
198.41.226.127 - - [29/Aug/2017:19:59:38 +0000] "GET /css/cake.generic.css HTTP/1.1" 200 15462
198.41.226.91 - - [29/Aug/2017:19:59:38 +0000] "GET /img/cake.power.gif HTTP/1.1" 200 201
198.41.226.37 - - [29/Aug/2017:19:59:38 +0000] "GET /img/cake.icon.png HTTP/1.1" 200 943
198.41.226.151 - - [29/Aug/2017:19:59:39 +0000] "GET /favicon.ico HTTP/1.1" 200 372
198.41.226.31 - - [29/Aug/2017:20:05:41 +0000] "GET / HTTP/1.1" 302 -
198.41.226.31 - - [29/Aug/2017:20:05:42 +0000] "GET / HTTP/1.1" 302 -
198.41.226.31 - - [29/Aug/2017:20:05:43 +0000] "GET /ptbr HTTP/1.1" 200 8208
172.68.25.25 - - [29/Aug/2017:20:11:08 +0000] "GET / HTTP/1.1" 302 -
172.68.25.25 - - [29/Aug/2017:20:11:08 +0000] "GET /ptbr HTTP/1.1" 200 8208
172.68.25.109 - - [29/Aug/2017:20:11:09 +0000] "GET /css/theme.css HTTP/1.1" 200 12388
172.68.27.225 - - [29/Aug/2017:20:11:09 +0000] "GET /js/jquery.min.js HTTP/1.1" 200 85577
172.68.26.14 - - [29/Aug/2017:20:11:09 +0000] "GET /css/bootstrap.min.css HTTP/1.1" 200 121200
172.68.27.153 - - [29/Aug/2017:20:11:09 +0000] "GET /js/bootstrap.min.js HTTP/1.1" 200 37045
172.68.25.181 - - [29/Aug/2017:20:11:10 +0000] "GET /img/events/abmweek2016.svg HTTP/1.1" 200 13374
172.68.27.27 - - [29/Aug/2017:20:11:10 +0000] "GET /uploads/img/suport-2.png HTTP/1.1" 200 515
172.68.26.248 - - [29/Aug/2017:20:11:10 +0000] "GET /uploads/img/suport-1.png HTTP/1.1" 200 328
172.68.25.25 - - [29/Aug/2017:20:11:26 +0000] "GET /ptbr/event/71-congresso-anual-da-abm HTTP/1.1" 200 8297
172.68.25.25 - - [29/Aug/2017:20:11:29 +0000] "GET /ad HTTP/1.1" 302 -
172.68.25.25 - - [29/Aug/2017:20:11:29 +0000] "GET /ptbr HTTP/1.1" 200 8208
172.68.25.25 - - [29/Aug/2017:20:11:33 +0000] "GET /admin HTTP/1.1" 302 -
172.68.25.25 - - [29/Aug/2017:20:11:33 +0000] "GET /admin/users/login HTTP/1.1" 200 1640
172.68.26.44 - - [29/Aug/2017:20:11:34 +0000] "GET /img/cake.power.gif HTTP/1.1" 200 201
172.68.25.211 - - [29/Aug/2017:20:11:34 +0000] "GET /css/cake.generic.css HTTP/1.1" 200 15462
172.68.27.129 - - [29/Aug/2017:20:11:34 +0000] "GET /img/cake.icon.png HTTP/1.1" 200 943
172.68.25.13 - - [29/Aug/2017:20:11:35 +0000] "GET /favicon.ico HTTP/1.1" 200 372
172.68.26.20 - - [29/Aug/2017:20:13:39 +0000] "POST /admin/users/login HTTP/1.1" 302 -
172.68.26.20 - - [29/Aug/2017:20:13:40 +0000] "GET /admin HTTP/1.1" 200 918
172.68.26.20 - - [29/Aug/2017:20:19:10 +0000] "GET /events HTTP/1.1" 302 -
172.68.26.20 - - [29/Aug/2017:20:19:11 +0000] "GET /ptbr HTTP/1.1" 200 8208
172.68.26.20 - - [29/Aug/2017:20:19:16 +0000] "GET /admin/events HTTP/1.1" 200 23030
172.68.26.20 - - [29/Aug/2017:20:19:22 +0000] "GET /admin/events HTTP/1.1" 200 23030
172.68.26.20 - - [29/Aug/2017:20:19:30 +0000] "GET /admin/events/edit/234 HTTP/1.1" 200 21654
172.68.26.20 - - [29/Aug/2017:20:19:31 +0000] "GET /admin/events/edit/224 HTTP/1.1" 200 21654
172.68.26.20 - - [29/Aug/2017:20:22:02 +0000] "GET /ptbr/event/71-congresso-anual-da-abm HTTP/1.1" 200 8297
172.68.26.20 - - [29/Aug/2017:20:22:05 +0000] "GET /ptbr/event/71-congresso-anual-da-abm/articles HTTP/1.1" 200 193496
172.68.27.153 - - [29/Aug/2017:20:22:06 +0000] "GET /img/pdf-icon.png HTTP/1.1" 200 9571
172.68.26.20 - - [29/Aug/2017:20:22:07 +0000] "GET /ptbr/article/lixiviacao-de-um-residuo-da-producao-de-niquel-para-recuperacao-de-escandio HTTP/1.1" 200 10288
172.68.26.182 - - [29/Aug/2017:20:22:07 +0000] "GET /img/pdf.svg HTTP/1.1" 200 1487
172.68.26.20 - - [29/Aug/2017:20:23:43 +0000] "GET /css/theme.css.map HTTP/1.1" 200 13405
172.68.26.20 - - [29/Aug/2017:20:23:43 +0000] "GET /css/bootstrap-theme.min.css.map HTTP/1.1" 302 -
172.68.26.20 - - [29/Aug/2017:20:23:43 +0000] "GET /css/bootstrap.min.css.map HTTP/1.1" 302 -
172.68.26.20 - - [29/Aug/2017:20:23:43 +0000] "GET /ptbr HTTP/1.1" 200 8208
172.68.26.20 - - [29/Aug/2017:20:23:43 +0000] "GET /ptbr HTTP/1.1" 200 8208
198.41.226.31 - - [29/Aug/2017:20:30:54 +0000] "GET /ptbr/article/lixiviacao-de-um-residuo-da-producao-de-niquel-para-recuperacao-de-escandio HTTP/1.1" 200 10288
198.41.226.31 - - [29/Aug/2017:20:30:54 +0000] "GET /css/bootstrap.min.css.map HTTP/1.1" 302 -
198.41.226.31 - - [29/Aug/2017:20:30:54 +0000] "GET /css/bootstrap-theme.min.css.map HTTP/1.1" 302 -
198.41.226.31 - - [29/Aug/2017:20:30:55 +0000] "GET /ptbr HTTP/1.1" 200 8208
198.41.226.31 - - [29/Aug/2017:20:30:55 +0000] "GET /ptbr HTTP/1.1" 200 8208
198.41.226.31 - - [29/Aug/2017:20:30:58 +0000] "GET /ptbr/article/lixiviacao-de-um-residuo-da-producao-de-niquel-para-recuperacao-de-escandio HTTP/1.1" 200 10288
198.41.226.31 - - [29/Aug/2017:20:30:58 +0000] "GET /css/bootstrap-theme.min.css.map HTTP/1.1" 302 -
198.41.226.31 - - [29/Aug/2017:20:30:59 +0000] "GET /css/bootstrap.min.css.map HTTP/1.1" 302 -
198.41.226.31 - - [29/Aug/2017:20:30:59 +0000] "GET /ptbr HTTP/1.1" 200 8208
198.41.226.31 - - [29/Aug/2017:20:30:59 +0000] "GET /ptbr HTTP/1.1" 200 8208
198.41.226.31 - - [29/Aug/2017:20:31:00 +0000] "GET /ptbr/article/lixiviacao-de-um-residuo-da-producao-de-niquel-para-recuperacao-de-escandio HTTP/1.1" 200 10288
198.41.226.31 - - [29/Aug/2017:20:31:00 +0000] "GET /css/bootstrap-theme.min.css.map HTTP/1.1" 302 -
198.41.226.31 - - [29/Aug/2017:20:31:00 +0000] "GET /css/bootstrap.min.css.map HTTP/1.1" 302 -
198.41.226.31 - - [29/Aug/2017:20:31:00 +0000] "GET /ptbr HTTP/1.1" 200 8208
198.41.226.31 - - [29/Aug/2017:20:31:01 +0000] "GET /ptbr HTTP/1.1" 200 8208
198.41.226.31 - - [29/Aug/2017:20:31:13 +0000] "GET /ptbr/article/lixiviacao-de-um-residuo-da-producao-de-niquel-para-recuperacao-de-escandio HTTP/1.1" 200 10288
198.41.226.31 - - [29/Aug/2017:20:31:13 +0000] "GET /css/bootstrap.min.css.map HTTP/1.1" 302 -
198.41.226.31 - - [29/Aug/2017:20:31:13 +0000] "GET /css/bootstrap-theme.min.css.map HTTP/1.1" 302 -
198.41.226.31 - - [29/Aug/2017:20:31:13 +0000] "GET /ptbr HTTP/1.1" 200 8208
198.41.226.31 - - [29/Aug/2017:20:31:14 +0000] "GET /ptbr HTTP/1.1" 200 8208
198.41.226.31 - - [29/Aug/2017:20:31:59 +0000] "GET /ptbr/article/lixiviacao-de-um-residuo-da-producao-de-niquel-para-recuperacao-de-escandio HTTP/1.1" 200 10288
198.41.226.115 - - [29/Aug/2017:20:31:59 +0000] "GET /css/theme.css HTTP/1.1" 200 12388
198.41.226.151 - - [29/Aug/2017:20:31:59 +0000] "GET /css/bootstrap-theme.min.css HTTP/1.1" 200 23409
198.41.226.85 - - [29/Aug/2017:20:31:59 +0000] "GET /img/blucher-proceedings.svg HTTP/1.1" 200 9343
198.41.226.145 - - [29/Aug/2017:20:31:59 +0000] "GET /img/logo.svg HTTP/1.1" 200 7128
198.41.226.19 - - [29/Aug/2017:20:31:59 +0000] "GET /js/bootstrap.min.js HTTP/1.1" 200 37045
198.41.226.145 - - [29/Aug/2017:20:31:59 +0000] "GET /css/bootstrap.min.css HTTP/1.1" 200 121200
198.41.226.67 - - [29/Aug/2017:20:31:59 +0000] "GET /js/jquery.min.js HTTP/1.1" 200 85577
198.41.226.139 - - [29/Aug/2017:20:32:00 +0000] "GET /css/img/search-icon.svg HTTP/1.1" 200 805
198.41.226.157 - - [29/Aug/2017:20:32:00 +0000] "GET /img/pdf.svg HTTP/1.1" 200 1487
198.41.226.31 - - [29/Aug/2017:20:32:00 +0000] "GET /css/bootstrap.min.css.map HTTP/1.1" 302 -
198.41.226.31 - - [29/Aug/2017:20:32:00 +0000] "GET /css/bootstrap-theme.min.css.map HTTP/1.1" 302 -
198.41.226.31 - - [29/Aug/2017:20:32:01 +0000] "GET /ptbr HTTP/1.1" 200 8208
198.41.226.31 - - [29/Aug/2017:20:32:02 +0000] "GET /ptbr HTTP/1.1" 200 8208
198.41.226.31 - - [29/Aug/2017:20:32:02 +0000] "GET /ptbr/article/lixiviacao-de-um-residuo-da-producao-de-niquel-para-recuperacao-de-escandio HTTP/1.1" 200 10288
198.41.226.67 - - [29/Aug/2017:20:32:02 +0000] "GET /js/jquery.min.js HTTP/1.1" 200 85577
198.41.226.145 - - [29/Aug/2017:20:32:02 +0000] "GET /css/bootstrap.min.css HTTP/1.1" 200 121200
198.41.226.115 - - [29/Aug/2017:20:32:02 +0000] "GET /css/theme.css HTTP/1.1" 200 12388
198.41.226.151 - - [29/Aug/2017:20:32:02 +0000] "GET /css/bootstrap-theme.min.css HTTP/1.1" 200 23409
198.41.226.145 - - [29/Aug/2017:20:32:02 +0000] "GET /img/logo.svg HTTP/1.1" 200 7128
198.41.226.85 - - [29/Aug/2017:20:32:02 +0000] "GET /img/blucher-proceedings.svg HTTP/1.1" 200 9343
198.41.226.157 - - [29/Aug/2017:20:32:03 +0000] "GET /img/pdf.svg HTTP/1.1" 200 1487
198.41.226.31 - - [29/Aug/2017:20:32:03 +0000] "GET /css/bootstrap-theme.min.css.map HTTP/1.1" 302 -
198.41.226.31 - - [29/Aug/2017:20:32:03 +0000] "GET /css/bootstrap.min.css.map HTTP/1.1" 302 -
198.41.226.31 - - [29/Aug/2017:20:32:03 +0000] "GET /ptbr HTTP/1.1" 200 8208
198.41.226.19 - - [29/Aug/2017:20:32:03 +0000] "GET /js/bootstrap.min.js HTTP/1.1" 200 37045
198.41.226.139 - - [29/Aug/2017:20:32:03 +0000] "GET /css/img/search-icon.svg HTTP/1.1" 200 805
198.41.226.31 - - [29/Aug/2017:20:32:03 +0000] "GET /ptbr HTTP/1.1" 200 8208
198.41.226.31 - - [29/Aug/2017:20:34:14 +0000] "GET /ptbr/article/lixiviacao-de-um-residuo-da-producao-de-niquel-para-recuperacao-de-escandio HTTP/1.1" 500 4727
198.41.226.31 - - [29/Aug/2017:20:34:14 +0000] "GET /css/bootstrap.min.css.map HTTP/1.1" 302 -
198.41.226.31 - - [29/Aug/2017:20:34:14 +0000] "GET /css/bootstrap-theme.min.css.map HTTP/1.1" 302 -
198.41.226.31 - - [29/Aug/2017:20:34:15 +0000] "GET /css/theme.css.map HTTP/1.1" 304 -
198.41.226.31 - - [29/Aug/2017:20:34:15 +0000] "GET /ptbr HTTP/1.1" 200 8208
198.41.226.31 - - [29/Aug/2017:20:34:15 +0000] "GET /ptbr HTTP/1.1" 200 8208
198.41.226.31 - - [29/Aug/2017:20:34:31 +0000] "GET /ptbr/article/lixiviacao-de-um-residuo-da-producao-de-niquel-para-recuperacao-de-escandio HTTP/1.1" 200 10622
198.41.226.31 - - [29/Aug/2017:20:34:32 +0000] "GET /css/bootstrap.min.css.map HTTP/1.1" 302 -
198.41.226.31 - - [29/Aug/2017:20:34:32 +0000] "GET /css/bootstrap-theme.min.css.map HTTP/1.1" 302 -
198.41.226.31 - - [29/Aug/2017:20:34:32 +0000] "GET /ptbr HTTP/1.1" 200 8208
198.41.226.31 - - [29/Aug/2017:20:34:32 +0000] "GET /ptbr HTTP/1.1" 200 8208
198.41.226.31 - - [29/Aug/2017:20:34:48 +0000] "GET /ptbr/article/lixiviacao-de-um-residuo-da-producao-de-niquel-para-recuperacao-de-escandio HTTP/1.1" 200 10621
198.41.226.31 - - [29/Aug/2017:20:34:49 +0000] "GET /css/bootstrap.min.css.map HTTP/1.1" 302 -
198.41.226.31 - - [29/Aug/2017:20:34:49 +0000] "GET /css/bootstrap-theme.min.css.map HTTP/1.1" 302 -
198.41.226.31 - - [29/Aug/2017:20:34:49 +0000] "GET /ptbr HTTP/1.1" 200 8208
198.41.226.31 - - [29/Aug/2017:20:34:49 +0000] "GET /ptbr HTTP/1.1" 200 8208
198.41.226.31 - - [29/Aug/2017:20:35:16 +0000] "GET /ptbr/article/lixiviacao-de-um-residuo-da-producao-de-niquel-para-recuperacao-de-escandio HTTP/1.1" 200 10775
198.41.226.31 - - [29/Aug/2017:20:35:17 +0000] "GET /css/bootstrap.min.css.map HTTP/1.1" 302 -
198.41.226.31 - - [29/Aug/2017:20:35:17 +0000] "GET /css/bootstrap-theme.min.css.map HTTP/1.1" 302 -
198.41.226.31 - - [29/Aug/2017:20:35:17 +0000] "GET /ptbr HTTP/1.1" 200 8208
198.41.226.31 - - [29/Aug/2017:20:35:18 +0000] "GET /ptbr HTTP/1.1" 200 8208
198.41.226.31 - - [29/Aug/2017:20:35:51 +0000] "GET /ptbr/article/lixiviacao-de-um-residuo-da-producao-de-niquel-para-recuperacao-de-escandio HTTP/1.1" 200 10757
198.41.226.31 - - [29/Aug/2017:20:35:52 +0000] "GET /css/bootstrap-theme.min.css.map HTTP/1.1" 302 -
198.41.226.31 - - [29/Aug/2017:20:35:52 +0000] "GET /css/bootstrap.min.css.map HTTP/1.1" 302 -
198.41.226.31 - - [29/Aug/2017:20:35:52 +0000] "GET /ptbr HTTP/1.1" 200 8208
198.41.226.31 - - [29/Aug/2017:20:35:52 +0000] "GET /ptbr HTTP/1.1" 200 8208
198.41.226.31 - - [29/Aug/2017:20:36:18 +0000] "GET /ptbr/article/lixiviacao-de-um-residuo-da-producao-de-niquel-para-recuperacao-de-escandio HTTP/1.1" 200 10827
198.41.226.31 - - [29/Aug/2017:20:36:19 +0000] "GET /css/bootstrap-theme.min.css.map HTTP/1.1" 302 -
198.41.226.31 - - [29/Aug/2017:20:36:19 +0000] "GET /css/bootstrap.min.css.map HTTP/1.1" 302 -
198.41.226.31 - - [29/Aug/2017:20:36:19 +0000] "GET /ptbr HTTP/1.1" 200 8208
198.41.226.31 - - [29/Aug/2017:20:36:20 +0000] "GET /ptbr HTTP/1.1" 200 8208
172.68.26.20 - - [29/Aug/2017:21:00:45 +0000] "GET /ptbr/article/lixiviacao-de-um-residuo-da-producao-de-niquel-para-recuperacao-de-escandio HTTP/1.1" 200 10823
172.68.26.14 - - [29/Aug/2017:21:00:45 +0000] "GET /img/blucher-proceedings.svg HTTP/1.1" 304 -
172.68.25.37 - - [29/Aug/2017:21:00:45 +0000] "GET /img/logo.svg HTTP/1.1" 304 -
172.68.27.153 - - [29/Aug/2017:21:00:45 +0000] "GET /js/bootstrap.min.js HTTP/1.1" 304 -
172.68.26.14 - - [29/Aug/2017:21:00:45 +0000] "GET /css/bootstrap.min.css HTTP/1.1" 304 -
172.68.25.109 - - [29/Aug/2017:21:00:45 +0000] "GET /css/theme.css HTTP/1.1" 304 -
172.68.27.225 - - [29/Aug/2017:21:00:45 +0000] "GET /js/jquery.min.js HTTP/1.1" 304 -
172.68.25.109 - - [29/Aug/2017:21:00:45 +0000] "GET /css/bootstrap-theme.min.css HTTP/1.1" 304 -
172.68.26.20 - - [29/Aug/2017:21:00:46 +0000] "GET /css/bootstrap-theme.min.css.map HTTP/1.1" 302 -
172.68.26.182 - - [29/Aug/2017:21:00:46 +0000] "GET /img/pdf.svg HTTP/1.1" 304 -
172.68.25.91 - - [29/Aug/2017:21:00:46 +0000] "GET /css/img/search-icon.svg HTTP/1.1" 304 -
172.68.26.20 - - [29/Aug/2017:21:00:46 +0000] "GET /css/theme.css.map HTTP/1.1" 304 -
172.68.26.20 - - [29/Aug/2017:21:00:47 +0000] "GET /css/bootstrap.min.css.map HTTP/1.1" 302 -
172.68.26.20 - - [29/Aug/2017:21:00:47 +0000] "GET /ptbr HTTP/1.1" 200 8208
172.68.26.20 - - [29/Aug/2017:21:00:47 +0000] "GET /ptbr HTTP/1.1" 200 8208
172.68.26.20 - - [29/Aug/2017:21:00:48 +0000] "GET /ptbr/article/lixiviacao-de-um-residuo-da-producao-de-niquel-para-recuperacao-de-escandio HTTP/1.1" 200 10823
172.68.26.20 - - [29/Aug/2017:21:00:48 +0000] "GET /css/bootstrap-theme.min.css.map HTTP/1.1" 302 -
172.68.26.20 - - [29/Aug/2017:21:00:48 +0000] "GET /css/bootstrap.min.css.map HTTP/1.1" 302 -
172.68.26.20 - - [29/Aug/2017:21:00:49 +0000] "GET /ptbr HTTP/1.1" 200 8208
172.68.26.20 - - [29/Aug/2017:21:00:49 +0000] "GET /ptbr HTTP/1.1" 200 8208
172.68.26.20 - - [29/Aug/2017:21:01:09 +0000] "GET /ptbr/article/lixiviacao-de-um-residuo-da-producao-de-niquel-para-recuperacao-de-escandio HTTP/1.1" 200 10827
172.68.27.153 - - [29/Aug/2017:21:01:09 +0000] "GET /js/bootstrap.min.js HTTP/1.1" 200 37045
172.68.26.14 - - [29/Aug/2017:21:01:09 +0000] "GET /img/blucher-proceedings.svg HTTP/1.1" 200 9343
172.68.25.109 - - [29/Aug/2017:21:01:09 +0000] "GET /css/bootstrap-theme.min.css HTTP/1.1" 200 23409
172.68.25.109 - - [29/Aug/2017:21:01:09 +0000] "GET /css/theme.css HTTP/1.1" 200 12388
172.68.25.37 - - [29/Aug/2017:21:01:09 +0000] "GET /img/logo.svg HTTP/1.1" 200 7128
172.68.26.14 - - [29/Aug/2017:21:01:09 +0000] "GET /css/bootstrap.min.css HTTP/1.1" 200 121200
172.68.27.225 - - [29/Aug/2017:21:01:09 +0000] "GET /js/jquery.min.js HTTP/1.1" 200 85577
172.68.26.20 - - [29/Aug/2017:21:01:09 +0000] "GET /css/bootstrap-theme.min.css.map HTTP/1.1" 302 -
172.68.26.20 - - [29/Aug/2017:21:01:10 +0000] "GET /ptbr HTTP/1.1" 200 8208
172.68.26.182 - - [29/Aug/2017:21:01:10 +0000] "GET /img/pdf.svg HTTP/1.1" 200 1487
172.68.25.91 - - [29/Aug/2017:21:01:10 +0000] "GET /css/img/search-icon.svg HTTP/1.1" 200 805
172.68.26.20 - - [29/Aug/2017:21:01:11 +0000] "GET /css/bootstrap.min.css.map HTTP/1.1" 302 -
172.68.26.20 - - [29/Aug/2017:21:01:11 +0000] "GET /ptbr HTTP/1.1" 200 8208
172.68.26.20 - - [29/Aug/2017:21:01:42 +0000] "GET /ptbr/article/lixiviacao-de-um-residuo-da-producao-de-niquel-para-recuperacao-de-escandio HTTP/1.1" 200 10840
172.68.25.109 - - [29/Aug/2017:21:01:43 +0000] "GET /css/bootstrap-theme.min.css HTTP/1.1" 200 23409
172.68.25.37 - - [29/Aug/2017:21:01:43 +0000] "GET /img/logo.svg HTTP/1.1" 200 7128
172.68.25.109 - - [29/Aug/2017:21:01:43 +0000] "GET /css/theme.css HTTP/1.1" 200 12388
172.68.26.14 - - [29/Aug/2017:21:01:43 +0000] "GET /img/blucher-proceedings.svg HTTP/1.1" 200 9343
172.68.27.153 - - [29/Aug/2017:21:01:43 +0000] "GET /js/bootstrap.min.js HTTP/1.1" 200 37045
172.68.27.225 - - [29/Aug/2017:21:01:43 +0000] "GET /js/jquery.min.js HTTP/1.1" 200 85577
172.68.26.14 - - [29/Aug/2017:21:01:43 +0000] "GET /css/bootstrap.min.css HTTP/1.1" 200 121200
172.68.25.91 - - [29/Aug/2017:21:01:43 +0000] "GET /css/img/search-icon.svg HTTP/1.1" 200 805
172.68.26.182 - - [29/Aug/2017:21:01:43 +0000] "GET /img/pdf.svg HTTP/1.1" 200 1487
172.68.26.20 - - [29/Aug/2017:21:01:44 +0000] "GET /css/bootstrap-theme.min.css.map HTTP/1.1" 302 -
172.68.26.20 - - [29/Aug/2017:21:01:44 +0000] "GET /ptbr HTTP/1.1" 200 8208
172.68.26.20 - - [29/Aug/2017:21:01:45 +0000] "GET /css/bootstrap.min.css.map HTTP/1.1" 302 -
172.68.26.20 - - [29/Aug/2017:21:01:45 +0000] "GET /ptbr HTTP/1.1" 200 8208
198.41.226.163 - - [29/Aug/2017:21:02:28 +0000] "GET / HTTP/1.1" 302 -
198.41.226.163 - - [29/Aug/2017:21:02:28 +0000] "GET /ptbr HTTP/1.1" 200 8208
198.41.226.163 - - [29/Aug/2017:21:02:32 +0000] "GET /ptbr/events/abm-week-2016 HTTP/1.1" 200 8991
172.68.26.20 - - [29/Aug/2017:21:02:36 +0000] "GET /ptbr/article/lixiviacao-de-um-residuo-da-producao-de-niquel-para-recuperacao-de-escandio HTTP/1.1" 200 10856
172.68.26.20 - - [29/Aug/2017:21:02:36 +0000] "GET /css/bootstrap.min.css.map HTTP/1.1" 302 -
172.68.26.20 - - [29/Aug/2017:21:02:37 +0000] "GET /css/bootstrap-theme.min.css.map HTTP/1.1" 302 -
172.68.26.20 - - [29/Aug/2017:21:02:37 +0000] "GET /ptbr HTTP/1.1" 200 8208
172.68.26.20 - - [29/Aug/2017:21:02:37 +0000] "GET /ptbr HTTP/1.1" 200 8208
198.41.226.163 - - [29/Aug/2017:21:02:39 +0000] "GET /admin HTTP/1.1" 302 -
198.41.226.163 - - [29/Aug/2017:21:02:39 +0000] "GET /admin/users/login HTTP/1.1" 200 1640
198.41.226.163 - - [29/Aug/2017:21:03:08 +0000] "POST /admin/users/login HTTP/1.1" 302 -
198.41.226.163 - - [29/Aug/2017:21:03:08 +0000] "GET /admin HTTP/1.1" 200 918
198.41.226.163 - - [29/Aug/2017:21:03:16 +0000] "GET /admin/events HTTP/1.1" 200 23305
198.41.226.163 - - [29/Aug/2017:21:03:21 +0000] "GET /admin/events/view/234 HTTP/1.1" 200 6382
198.41.226.163 - - [29/Aug/2017:21:03:24 +0000] "GET /admin/events/edit/234 HTTP/1.1" 200 21835
198.41.226.163 - - [29/Aug/2017:21:03:29 +0000] "GET /admin/events/edit/234 HTTP/1.1" 200 21835
198.41.226.163 - - [29/Aug/2017:21:03:47 +0000] "POST /admin/events/edit/234 HTTP/1.1" 302 -
198.41.226.163 - - [29/Aug/2017:21:03:48 +0000] "GET /admin/events HTTP/1.1" 200 23431
198.41.226.163 - - [29/Aug/2017:21:03:50 +0000] "GET /ptbr/events/abm-week-2016 HTTP/1.1" 200 9013
198.41.226.79 - - [29/Aug/2017:21:03:50 +0000] "GET /img/favicon.png HTTP/1.1" 200 1846
198.41.226.163 - - [29/Aug/2017:21:04:03 +0000] "GET /admin/events/edit/234 HTTP/1.1" 302 -
198.41.226.163 - - [29/Aug/2017:21:04:04 +0000] "GET /admin/users/login HTTP/1.1" 206 1640
198.41.226.151 - - [29/Aug/2017:21:04:04 +0000] "GET /favicon.ico HTTP/1.1" 206 372
198.41.226.163 - - [29/Aug/2017:21:04:06 +0000] "GET /admin/events/edit/234 HTTP/1.1" 200 21906
172.68.26.20 - - [29/Aug/2017:21:04:16 +0000] "GET /ptbr/article/lixiviacao-de-um-residuo-da-producao-de-niquel-para-recuperacao-de-escandio HTTP/1.1" 200 10840
172.68.27.153 - - [29/Aug/2017:21:04:17 +0000] "GET /js/bootstrap.min.js HTTP/1.1" 200 37045
172.68.25.109 - - [29/Aug/2017:21:04:17 +0000] "GET /css/theme.css HTTP/1.1" 200 12388
172.68.25.109 - - [29/Aug/2017:21:04:17 +0000] "GET /css/bootstrap-theme.min.css HTTP/1.1" 200 23409
172.68.26.14 - - [29/Aug/2017:21:04:17 +0000] "GET /img/blucher-proceedings.svg HTTP/1.1" 200 9343
172.68.25.37 - - [29/Aug/2017:21:04:17 +0000] "GET /img/logo.svg HTTP/1.1" 200 7128
172.68.26.14 - - [29/Aug/2017:21:04:17 +0000] "GET /css/bootstrap.min.css HTTP/1.1" 200 121200
172.68.27.225 - - [29/Aug/2017:21:04:17 +0000] "GET /js/jquery.min.js HTTP/1.1" 200 85577
172.68.26.182 - - [29/Aug/2017:21:04:18 +0000] "GET /img/pdf.svg HTTP/1.1" 200 1487
172.68.26.20 - - [29/Aug/2017:21:04:18 +0000] "GET /css/bootstrap-theme.min.css.map HTTP/1.1" 302 -
172.68.25.91 - - [29/Aug/2017:21:04:18 +0000] "GET /css/img/search-icon.svg HTTP/1.1" 200 805
172.68.26.20 - - [29/Aug/2017:21:04:18 +0000] "GET /css/bootstrap.min.css.map HTTP/1.1" 302 -
172.68.26.20 - - [29/Aug/2017:21:04:18 +0000] "GET /ptbr HTTP/1.1" 200 8208
172.68.26.20 - - [29/Aug/2017:21:04:18 +0000] "GET /ptbr HTTP/1.1" 200 8208
172.68.26.20 - - [29/Aug/2017:21:04:29 +0000] "GET /admin/events/edit/234 HTTP/1.1" 200 21906
198.41.226.163 - - [29/Aug/2017:21:04:30 +0000] "GET /ptbr/events/abm-week-2016 HTTP/1.1" 200 9013
198.41.226.79 - - [29/Aug/2017:21:04:31 +0000] "GET /img/favicon.png HTTP/1.1" 206 1846
172.68.26.20 - - [29/Aug/2017:21:04:37 +0000] "GET /ptbr/events/abm-week-2016 HTTP/1.1" 200 9013
172.68.26.20 - - [29/Aug/2017:21:06:53 +0000] "GET /ptbr/article/lixiviacao-de-um-residuo-da-producao-de-niquel-para-recuperacao-de-escandio HTTP/1.1" 200 10840
172.68.25.109 - - [29/Aug/2017:21:06:54 +0000] "GET /css/bootstrap-theme.min.css HTTP/1.1" 200 23409
172.68.25.109 - - [29/Aug/2017:21:06:54 +0000] "GET /css/theme.css HTTP/1.1" 200 12388
172.68.26.14 - - [29/Aug/2017:21:06:54 +0000] "GET /img/blucher-proceedings.svg HTTP/1.1" 200 9343
172.68.27.153 - - [29/Aug/2017:21:06:54 +0000] "GET /js/bootstrap.min.js HTTP/1.1" 200 37045
172.68.25.37 - - [29/Aug/2017:21:06:54 +0000] "GET /img/logo.svg HTTP/1.1" 200 7128
172.68.26.14 - - [29/Aug/2017:21:06:54 +0000] "GET /css/bootstrap.min.css HTTP/1.1" 200 121200
172.68.27.225 - - [29/Aug/2017:21:06:54 +0000] "GET /js/jquery.min.js HTTP/1.1" 200 85577
172.68.26.20 - - [29/Aug/2017:21:06:54 +0000] "GET /css/bootstrap-theme.min.css.map HTTP/1.1" 302 -
172.68.26.20 - - [29/Aug/2017:21:06:54 +0000] "GET /ptbr HTTP/1.1" 200 8208
172.68.26.182 - - [29/Aug/2017:21:06:55 +0000] "GET /img/pdf.svg HTTP/1.1" 200 1487
172.68.25.91 - - [29/Aug/2017:21:06:55 +0000] "GET /css/img/search-icon.svg HTTP/1.1" 200 805
172.68.26.20 - - [29/Aug/2017:21:06:55 +0000] "GET /css/bootstrap.min.css.map HTTP/1.1" 302 -
172.68.26.20 - - [29/Aug/2017:21:06:55 +0000] "GET /ptbr HTTP/1.1" 200 8208
172.68.26.20 - - [29/Aug/2017:21:06:56 +0000] "GET /ptbr/article/lixiviacao-de-um-residuo-da-producao-de-niquel-para-recuperacao-de-escandio HTTP/1.1" 200 10840
172.68.25.109 - - [29/Aug/2017:21:06:56 +0000] "GET /css/bootstrap-theme.min.css HTTP/1.1" 200 23409
172.68.25.109 - - [29/Aug/2017:21:06:56 +0000] "GET /css/theme.css HTTP/1.1" 200 12388
172.68.26.14 - - [29/Aug/2017:21:06:56 +0000] "GET /img/blucher-proceedings.svg HTTP/1.1" 200 9343
172.68.26.14 - - [29/Aug/2017:21:06:56 +0000] "GET /css/bootstrap.min.css HTTP/1.1" 200 121200
172.68.27.153 - - [29/Aug/2017:21:06:57 +0000] "GET /js/bootstrap.min.js HTTP/1.1" 200 37045
172.68.25.37 - - [29/Aug/2017:21:06:57 +0000] "GET /img/logo.svg HTTP/1.1" 200 7128
172.68.26.20 - - [29/Aug/2017:21:06:57 +0000] "GET /css/bootstrap-theme.min.css.map HTTP/1.1" 302 -
172.68.26.182 - - [29/Aug/2017:21:06:57 +0000] "GET /img/pdf.svg HTTP/1.1" 200 1487
172.68.25.91 - - [29/Aug/2017:21:06:57 +0000] "GET /css/img/search-icon.svg HTTP/1.1" 200 805
172.68.27.225 - - [29/Aug/2017:21:06:57 +0000] "GET /js/jquery.min.js HTTP/1.1" 200 85577
172.68.26.20 - - [29/Aug/2017:21:06:57 +0000] "GET /css/bootstrap.min.css.map HTTP/1.1" 302 -
172.68.26.20 - - [29/Aug/2017:21:06:57 +0000] "GET /ptbr HTTP/1.1" 200 8208
172.68.26.20 - - [29/Aug/2017:21:06:58 +0000] "GET /ptbr HTTP/1.1" 200 8208
172.68.26.20 - - [29/Aug/2017:21:08:03 +0000] "GET /ptbr/article/lixiviacao-de-um-residuo-da-producao-de-niquel-para-recuperacao-de-escandio HTTP/1.1" 200 10840
172.68.25.37 - - [29/Aug/2017:21:08:04 +0000] "GET /img/logo.svg HTTP/1.1" 200 7128
172.68.27.153 - - [29/Aug/2017:21:08:04 +0000] "GET /js/bootstrap.min.js HTTP/1.1" 200 37045
172.68.26.14 - - [29/Aug/2017:21:08:04 +0000] "GET /img/blucher-proceedings.svg HTTP/1.1" 200 9343
172.68.25.109 - - [29/Aug/2017:21:08:04 +0000] "GET /css/theme.css HTTP/1.1" 200 12388
172.68.25.109 - - [29/Aug/2017:21:08:04 +0000] "GET /css/bootstrap-theme.min.css HTTP/1.1" 200 23409
172.68.26.14 - - [29/Aug/2017:21:08:04 +0000] "GET /css/bootstrap.min.css HTTP/1.1" 200 121200
172.68.27.225 - - [29/Aug/2017:21:08:04 +0000] "GET /js/jquery.min.js HTTP/1.1" 200 85577
172.68.26.182 - - [29/Aug/2017:21:08:04 +0000] "GET /img/pdf.svg HTTP/1.1" 200 1487
172.68.25.91 - - [29/Aug/2017:21:08:04 +0000] "GET /css/img/search-icon.svg HTTP/1.1" 200 805
172.68.26.20 - - [29/Aug/2017:21:08:05 +0000] "GET /css/bootstrap.min.css.map HTTP/1.1" 302 -
172.68.26.20 - - [29/Aug/2017:21:08:05 +0000] "GET /css/bootstrap-theme.min.css.map HTTP/1.1" 302 -
172.68.26.20 - - [29/Aug/2017:21:08:05 +0000] "GET /ptbr HTTP/1.1" 200 8208
172.68.26.20 - - [29/Aug/2017:21:08:05 +0000] "GET /ptbr HTTP/1.1" 200 8208
172.68.26.20 - - [29/Aug/2017:21:08:42 +0000] "GET /ptbr/article/lixiviacao-de-um-residuo-da-producao-de-niquel-para-recuperacao-de-escandio HTTP/1.1" 200 10840
172.68.25.109 - - [29/Aug/2017:21:08:42 +0000] "GET /css/theme.css HTTP/1.1" 200 12388
172.68.26.14 - - [29/Aug/2017:21:08:42 +0000] "GET /img/blucher-proceedings.svg HTTP/1.1" 200 9343
172.68.25.37 - - [29/Aug/2017:21:08:42 +0000] "GET /img/logo.svg HTTP/1.1" 200 7128
172.68.27.153 - - [29/Aug/2017:21:08:42 +0000] "GET /js/bootstrap.min.js HTTP/1.1" 200 37045
172.68.25.109 - - [29/Aug/2017:21:08:42 +0000] "GET /css/bootstrap-theme.min.css HTTP/1.1" 200 23409
172.68.27.225 - - [29/Aug/2017:21:08:42 +0000] "GET /js/jquery.min.js HTTP/1.1" 200 85577
172.68.26.14 - - [29/Aug/2017:21:08:42 +0000] "GET /css/bootstrap.min.css HTTP/1.1" 200 121200
172.68.26.20 - - [29/Aug/2017:21:08:43 +0000] "GET /css/bootstrap.min.css.map HTTP/1.1" 302 -
172.68.25.91 - - [29/Aug/2017:21:08:43 +0000] "GET /css/img/search-icon.svg HTTP/1.1" 200 805
172.68.26.182 - - [29/Aug/2017:21:08:43 +0000] "GET /img/pdf.svg HTTP/1.1" 200 1487
172.68.26.20 - - [29/Aug/2017:21:08:43 +0000] "GET /css/bootstrap-theme.min.css.map HTTP/1.1" 302 -
172.68.26.20 - - [29/Aug/2017:21:08:44 +0000] "GET /ptbr HTTP/1.1" 200 8208
172.68.26.20 - - [29/Aug/2017:21:08:44 +0000] "GET /ptbr/article/lixiviacao-de-um-residuo-da-producao-de-niquel-para-recuperacao-de-escandio HTTP/1.1" 200 10840
172.68.26.20 - - [29/Aug/2017:21:08:44 +0000] "GET /ptbr HTTP/1.1" 200 8208
172.68.26.14 - - [29/Aug/2017:21:08:45 +0000] "GET /img/blucher-proceedings.svg HTTP/1.1" 200 9343
172.68.25.109 - - [29/Aug/2017:21:08:45 +0000] "GET /css/theme.css HTTP/1.1" 200 12388
172.68.27.225 - - [29/Aug/2017:21:08:45 +0000] "GET /js/jquery.min.js HTTP/1.1" 200 85577
172.68.25.109 - - [29/Aug/2017:21:08:45 +0000] "GET /css/bootstrap-theme.min.css HTTP/1.1" 200 23409
172.68.25.37 - - [29/Aug/2017:21:08:45 +0000] "GET /img/logo.svg HTTP/1.1" 200 7128
172.68.27.153 - - [29/Aug/2017:21:08:45 +0000] "GET /js/bootstrap.min.js HTTP/1.1" 200 37045
172.68.26.14 - - [29/Aug/2017:21:08:45 +0000] "GET /css/bootstrap.min.css HTTP/1.1" 200 121200
172.68.26.182 - - [29/Aug/2017:21:08:46 +0000] "GET /img/pdf.svg HTTP/1.1" 200 1487
172.68.26.20 - - [29/Aug/2017:21:08:46 +0000] "GET /css/bootstrap.min.css.map HTTP/1.1" 302 -
172.68.25.91 - - [29/Aug/2017:21:08:46 +0000] "GET /css/img/search-icon.svg HTTP/1.1" 200 805
172.68.26.20 - - [29/Aug/2017:21:08:46 +0000] "GET /ptbr HTTP/1.1" 200 8208
172.68.26.20 - - [29/Aug/2017:21:08:46 +0000] "GET /css/bootstrap-theme.min.css.map HTTP/1.1" 302 -
172.68.26.20 - - [29/Aug/2017:21:08:46 +0000] "GET /ptbr HTTP/1.1" 200 8208
172.68.26.20 - - [29/Aug/2017:21:09:03 +0000] "GET /ptbr/article/lixiviacao-de-um-residuo-da-producao-de-niquel-para-recuperacao-de-escandio HTTP/1.1" 200 10856
172.68.26.20 - - [29/Aug/2017:21:09:04 +0000] "GET /css/bootstrap.min.css.map HTTP/1.1" 302 -
172.68.26.20 - - [29/Aug/2017:21:09:04 +0000] "GET /css/bootstrap-theme.min.css.map HTTP/1.1" 302 -
172.68.26.20 - - [29/Aug/2017:21:09:04 +0000] "GET /ptbr HTTP/1.1" 200 8208
172.68.26.20 - - [29/Aug/2017:21:09:04 +0000] "GET /ptbr HTTP/1.1" 200 8208
198.41.226.163 - - [29/Aug/2017:21:09:09 +0000] "GET /ptbr/events/abm-week-2016 HTTP/1.1" 200 9013
198.41.226.79 - - [29/Aug/2017:21:09:10 +0000] "GET /img/favicon.png HTTP/1.1" 200 1846
198.41.226.163 - - [29/Aug/2017:21:09:11 +0000] "GET /ptbr/events/abm-week-2016 HTTP/1.1" 200 9013
198.41.226.79 - - [29/Aug/2017:21:09:11 +0000] "GET /img/favicon.png HTTP/1.1" 200 1846
172.68.26.20 - - [29/Aug/2017:21:09:16 +0000] "GET /ptbr/article/lixiviacao-de-um-residuo-da-producao-de-niquel-para-recuperacao-de-escandio HTTP/1.1" 200 10860
172.68.26.20 - - [29/Aug/2017:21:09:17 +0000] "GET /css/bootstrap-theme.min.css.map HTTP/1.1" 302 -
172.68.26.20 - - [29/Aug/2017:21:09:17 +0000] "GET /css/bootstrap.min.css.map HTTP/1.1" 302 -
172.68.26.20 - - [29/Aug/2017:21:09:17 +0000] "GET /ptbr HTTP/1.1" 200 8208
172.68.26.20 - - [29/Aug/2017:21:09:17 +0000] "GET /ptbr HTTP/1.1" 200 8208
172.68.26.20 - - [29/Aug/2017:21:10:50 +0000] "GET /ptbr/article/lixiviacao-de-um-residuo-da-producao-de-niquel-para-recuperacao-de-escandio HTTP/1.1" 200 10860
172.68.26.20 - - [29/Aug/2017:21:10:52 +0000] "GET /css/bootstrap-theme.min.css.map HTTP/1.1" 302 -
172.68.26.20 - - [29/Aug/2017:21:10:52 +0000] "GET /css/bootstrap.min.css.map HTTP/1.1" 302 -
172.68.26.20 - - [29/Aug/2017:21:10:53 +0000] "GET /ptbr HTTP/1.1" 200 8208
172.68.26.20 - - [29/Aug/2017:21:10:53 +0000] "GET /ptbr HTTP/1.1" 200 8208
172.68.26.20 - - [29/Aug/2017:21:10:54 +0000] "GET /ptbr/article/lixiviacao-de-um-residuo-da-producao-de-niquel-para-recuperacao-de-escandio HTTP/1.1" 200 10860
172.68.25.109 - - [29/Aug/2017:21:10:55 +0000] "GET /css/theme.css HTTP/1.1" 200 12388
172.68.25.37 - - [29/Aug/2017:21:10:55 +0000] "GET /img/logo.svg HTTP/1.1" 200 7128
172.68.27.153 - - [29/Aug/2017:21:10:55 +0000] "GET /js/bootstrap.min.js HTTP/1.1" 200 37045
172.68.25.109 - - [29/Aug/2017:21:10:55 +0000] "GET /css/bootstrap-theme.min.css HTTP/1.1" 200 23409
172.68.27.225 - - [29/Aug/2017:21:10:55 +0000] "GET /js/jquery.min.js HTTP/1.1" 200 85577
172.68.26.14 - - [29/Aug/2017:21:10:55 +0000] "GET /css/bootstrap.min.css HTTP/1.1" 200 121200
172.68.26.14 - - [29/Aug/2017:21:10:55 +0000] "GET /img/blucher-proceedings.svg HTTP/1.1" 200 9343
172.68.26.20 - - [29/Aug/2017:21:10:55 +0000] "GET /css/bootstrap.min.css.map HTTP/1.1" 302 -
172.68.26.20 - - [29/Aug/2017:21:10:55 +0000] "GET /ptbr HTTP/1.1" 200 8208
172.68.26.182 - - [29/Aug/2017:21:10:56 +0000] "GET /img/pdf.svg HTTP/1.1" 200 1487
172.68.25.91 - - [29/Aug/2017:21:10:56 +0000] "GET /css/img/search-icon.svg HTTP/1.1" 200 805
172.68.26.20 - - [29/Aug/2017:21:10:56 +0000] "GET /css/bootstrap-theme.min.css.map HTTP/1.1" 302 -
172.68.26.20 - - [29/Aug/2017:21:10:56 +0000] "GET /ptbr HTTP/1.1" 200 8208
172.68.26.20 - - [29/Aug/2017:21:12:35 +0000] "GET /ptbr/article/lixiviacao-de-um-residuo-da-producao-de-niquel-para-recuperacao-de-escandio HTTP/1.1" 200 10858
172.68.26.20 - - [29/Aug/2017:21:12:35 +0000] "GET /css/bootstrap-theme.min.css.map HTTP/1.1" 302 -
172.68.26.20 - - [29/Aug/2017:21:12:35 +0000] "GET /css/bootstrap.min.css.map HTTP/1.1" 302 -
172.68.26.20 - - [29/Aug/2017:21:12:36 +0000] "GET /ptbr HTTP/1.1" 200 8208
172.68.26.20 - - [29/Aug/2017:21:12:36 +0000] "GET /ptbr HTTP/1.1" 200 8208
172.68.26.20 - - [29/Aug/2017:21:13:05 +0000] "GET /ptbr/article/lixiviacao-de-um-residuo-da-producao-de-niquel-para-recuperacao-de-escandio HTTP/1.1" 200 10858
172.68.26.20 - - [29/Aug/2017:21:13:06 +0000] "GET /css/bootstrap-theme.min.css.map HTTP/1.1" 302 -
172.68.26.20 - - [29/Aug/2017:21:13:06 +0000] "GET /css/bootstrap.min.css.map HTTP/1.1" 302 -
172.68.26.20 - - [29/Aug/2017:21:13:06 +0000] "GET /ptbr HTTP/1.1" 200 8208
172.68.26.20 - - [29/Aug/2017:21:13:06 +0000] "GET /ptbr HTTP/1.1" 200 8208
172.68.26.20 - - [29/Aug/2017:21:13:08 +0000] "GET /ptbr/article/lixiviacao-de-um-residuo-da-producao-de-niquel-para-recuperacao-de-escandio HTTP/1.1" 200 10858
172.68.25.37 - - [29/Aug/2017:21:13:09 +0000] "GET /img/logo.svg HTTP/1.1" 200 7128
172.68.26.14 - - [29/Aug/2017:21:13:09 +0000] "GET /img/blucher-proceedings.svg HTTP/1.1" 200 9343
172.68.25.109 - - [29/Aug/2017:21:13:09 +0000] "GET /css/theme.css HTTP/1.1" 200 12388
172.68.25.109 - - [29/Aug/2017:21:13:09 +0000] "GET /css/bootstrap-theme.min.css HTTP/1.1" 200 23409
172.68.26.14 - - [29/Aug/2017:21:13:09 +0000] "GET /css/bootstrap.min.css HTTP/1.1" 200 121200
172.68.26.20 - - [29/Aug/2017:21:13:09 +0000] "GET /css/bootstrap.min.css.map HTTP/1.1" 302 -
172.68.26.20 - - [29/Aug/2017:21:13:09 +0000] "GET /ptbr HTTP/1.1" 200 8208
172.68.27.225 - - [29/Aug/2017:21:13:09 +0000] "GET /js/jquery.min.js HTTP/1.1" 200 85577
172.68.27.153 - - [29/Aug/2017:21:13:10 +0000] "GET /js/bootstrap.min.js HTTP/1.1" 200 37045
172.68.25.91 - - [29/Aug/2017:21:13:10 +0000] "GET /css/img/search-icon.svg HTTP/1.1" 200 805
172.68.26.182 - - [29/Aug/2017:21:13:11 +0000] "GET /img/pdf.svg HTTP/1.1" 200 1487
172.68.26.20 - - [29/Aug/2017:21:13:11 +0000] "GET /css/bootstrap-theme.min.css.map HTTP/1.1" 302 -
172.68.26.20 - - [29/Aug/2017:21:13:11 +0000] "GET /ptbr HTTP/1.1" 200 8208
172.68.26.20 - - [29/Aug/2017:21:13:37 +0000] "GET /ptbr/article/lixiviacao-de-um-residuo-da-producao-de-niquel-para-recuperacao-de-escandio HTTP/1.1" 200 10860
172.68.26.20 - - [29/Aug/2017:21:13:38 +0000] "GET /css/bootstrap.min.css.map HTTP/1.1" 302 -
172.68.26.20 - - [29/Aug/2017:21:13:38 +0000] "GET /css/bootstrap-theme.min.css.map HTTP/1.1" 302 -
172.68.26.20 - - [29/Aug/2017:21:13:38 +0000] "GET /ptbr HTTP/1.1" 200 8208
172.68.26.20 - - [29/Aug/2017:21:13:38 +0000] "GET /ptbr HTTP/1.1" 200 8208
198.41.226.31 - - [30/Aug/2017:12:27:23 +0000] "GET /admin HTTP/1.1" 302 -
198.41.226.31 - - [30/Aug/2017:12:27:24 +0000] "GET /admin/users/login HTTP/1.1" 200 1640
198.41.226.127 - - [30/Aug/2017:12:27:24 +0000] "GET /css/cake.generic.css HTTP/1.1" 304 -
198.41.226.91 - - [30/Aug/2017:12:27:24 +0000] "GET /img/cake.power.gif HTTP/1.1" 304 -
198.41.226.37 - - [30/Aug/2017:12:27:24 +0000] "GET /img/cake.icon.png HTTP/1.1" 304 -
198.41.226.31 - - [30/Aug/2017:12:27:31 +0000] "POST /admin/users/login HTTP/1.1" 302 -
198.41.226.31 - - [30/Aug/2017:12:27:31 +0000] "GET /admin HTTP/1.1" 200 918
198.41.226.31 - - [30/Aug/2017:12:27:35 +0000] "GET /admin/events HTTP/1.1" 200 23351
198.41.226.31 - - [30/Aug/2017:12:27:41 +0000] "GET /admin/event_languages HTTP/1.1" 200 19269
198.41.226.31 - - [30/Aug/2017:12:27:44 +0000] "GET /admin/event_languages/index/sort:id/direction:asc HTTP/1.1" 200 19337
198.41.226.31 - - [30/Aug/2017:12:27:47 +0000] "GET /admin/event_languages/index/sort:id/direction:desc HTTP/1.1" 200 19241
198.41.226.31 - - [30/Aug/2017:12:27:48 +0000] "GET /admin/event_languages/index/sort:id/direction:asc HTTP/1.1" 200 19337
198.41.226.31 - - [30/Aug/2017:12:27:51 +0000] "GET /admin/events HTTP/1.1" 200 23351
198.41.226.31 - - [30/Aug/2017:12:28:04 +0000] "GET /admin/event_languages HTTP/1.1" 200 19269
198.41.226.31 - - [30/Aug/2017:12:28:13 +0000] "GET /admin/event_languages/edit/287 HTTP/1.1" 200 10397
198.41.226.31 - - [30/Aug/2017:12:28:14 +0000] "GET /admin/event_languages/edit/286 HTTP/1.1" 200 10397
172.68.26.20 - - [30/Aug/2017:12:29:10 +0000] "POST /admin/event_languages/edit/287 HTTP/1.1" 302 -
172.68.26.20 - - [30/Aug/2017:12:29:10 +0000] "GET /admin/event_languages HTTP/1.1" 200 19358
172.68.26.20 - - [30/Aug/2017:12:29:24 +0000] "POST /admin/event_languages/edit/286 HTTP/1.1" 302 -
172.68.26.20 - - [30/Aug/2017:12:29:25 +0000] "GET /admin/event_languages HTTP/1.1" 200 19358
172.68.26.20 - - [30/Aug/2017:12:29:30 +0000] "GET /admin/event_languages/index/page:2/sort:EventLanguage.id/direction:desc HTTP/1.1" 200 19417
172.68.26.20 - - [30/Aug/2017:12:29:34 +0000] "GET /admin/event_languages/edit/275 HTTP/1.1" 200 10394
172.68.26.20 - - [30/Aug/2017:12:29:34 +0000] "GET /admin/event_languages/edit/274 HTTP/1.1" 200 10394
172.68.26.20 - - [30/Aug/2017:12:29:42 +0000] "POST /admin/event_languages/edit/275 HTTP/1.1" 302 -
172.68.26.20 - - [30/Aug/2017:12:29:42 +0000] "GET /admin/event_languages HTTP/1.1" 200 19358
172.68.26.20 - - [30/Aug/2017:12:29:51 +0000] "POST /admin/event_languages/edit/274 HTTP/1.1" 302 -
172.68.26.20 - - [30/Aug/2017:12:29:51 +0000] "GET /admin/event_languages HTTP/1.1" 200 19358
172.68.26.20 - - [30/Aug/2017:12:29:56 +0000] "GET /admin/events HTTP/1.1" 200 23351
172.68.26.20 - - [30/Aug/2017:12:30:01 +0000] "GET /admin/events/edit/224 HTTP/1.1" 200 21835
198.41.226.31 - - [30/Aug/2017:12:30:55 +0000] "GET /admin/events/edit/234 HTTP/1.1" 200 21906
198.41.226.31 - - [30/Aug/2017:12:31:06 +0000] "POST /admin/events/edit/224 HTTP/1.1" 302 -
198.41.226.31 - - [30/Aug/2017:12:31:07 +0000] "GET /admin/events HTTP/1.1" 200 23475
198.41.226.31 - - [30/Aug/2017:12:31:24 +0000] "POST /admin/events/edit/234 HTTP/1.1" 302 -
198.41.226.31 - - [30/Aug/2017:12:31:25 +0000] "GET /admin/events HTTP/1.1" 200 23471
198.41.226.31 - - [30/Aug/2017:12:31:28 +0000] "GET /admin/events/edit/224 HTTP/1.1" 200 21904
198.41.226.31 - - [30/Aug/2017:12:31:44 +0000] "POST /admin/events/edit/224 HTTP/1.1" 302 -
198.41.226.31 - - [30/Aug/2017:12:31:44 +0000] "GET /admin/events HTTP/1.1" 200 23467
198.41.226.31 - - [30/Aug/2017:12:31:54 +0000] "GET / HTTP/1.1" 302 -
198.41.226.31 - - [30/Aug/2017:12:31:54 +0000] "GET /ptbr HTTP/1.1" 200 8210
198.41.226.115 - - [30/Aug/2017:12:31:55 +0000] "GET /css/theme.css HTTP/1.1" 304 -
198.41.226.85 - - [30/Aug/2017:12:31:55 +0000] "GET /img/blucher-proceedings.svg HTTP/1.1" 304 -
198.41.226.151 - - [30/Aug/2017:12:31:55 +0000] "GET /css/bootstrap-theme.min.css HTTP/1.1" 304 -
198.41.226.145 - - [30/Aug/2017:12:31:55 +0000] "GET /css/bootstrap.min.css HTTP/1.1" 304 -
198.41.226.67 - - [30/Aug/2017:12:31:55 +0000] "GET /js/jquery.min.js HTTP/1.1" 304 -
198.41.226.19 - - [30/Aug/2017:12:31:55 +0000] "GET /js/bootstrap.min.js HTTP/1.1" 304 -
198.41.226.109 - - [30/Aug/2017:12:31:55 +0000] "GET /uploads/img/suport-1.png HTTP/1.1" 304 -
198.41.226.43 - - [30/Aug/2017:12:31:55 +0000] "GET /uploads/img/suport-3.png HTTP/1.1" 304 -
198.41.226.43 - - [30/Aug/2017:12:31:55 +0000] "GET /uploads/img/suport-2.png HTTP/1.1" 304 -
198.41.226.31 - - [30/Aug/2017:12:31:56 +0000] "GET /img/events/abmweek2016.svg HTTP/1.1" 304 -
198.41.226.145 - - [30/Aug/2017:12:31:56 +0000] "GET /img/logo.svg HTTP/1.1" 304 -
198.41.226.139 - - [30/Aug/2017:12:31:57 +0000] "GET /css/img/search-icon.svg HTTP/1.1" 304 -
198.41.226.31 - - [30/Aug/2017:12:31:57 +0000] "GET /ptbr/events/abm-week-2016 HTTP/1.1" 200 9009
198.41.226.115 - - [30/Aug/2017:12:31:58 +0000] "GET /img/events/abmweek2016.png HTTP/1.1" 200 39893
198.41.226.31 - - [30/Aug/2017:12:32:04 +0000] "GET /ptbr/events/abm-week-2015 HTTP/1.1" 200 8982
198.41.226.163 - - [30/Aug/2017:12:32:05 +0000] "GET /img/events/abmweek2015.png HTTP/1.1" 200 101145
172.68.27.57 - - [30/Aug/2017:13:43:29 +0000] "GET /img/patrocinio-abmweek2016.png HTTP/1.1" 200 622338
198.41.226.115 - - [30/Aug/2017:13:45:03 +0000] "GET /img/patrocinio-abmweek2016.png HTTP/1.1" 200 591822
172.68.26.20 - - [30/Aug/2017:13:45:16 +0000] "GET /admin/event_languages HTTP/1.1" 200 19269
172.68.26.20 - - [30/Aug/2017:13:45:20 +0000] "GET /admin/event_languages/index/sort:title/direction:asc HTTP/1.1" 200 19480
172.68.26.20 - - [30/Aug/2017:13:45:26 +0000] "GET /admin/event_languages/index/sort:title/direction:desc HTTP/1.1" 200 19116
172.68.26.20 - - [30/Aug/2017:13:45:30 +0000] "GET /admin/event_languages/edit/287 HTTP/1.1" 200 10397
198.41.226.31 - - [30/Aug/2017:13:45:31 +0000] "GET /admin/event_languages/edit/286 HTTP/1.1" 200 10397
198.41.226.31 - - [30/Aug/2017:13:45:50 +0000] "GET /admin/pages HTTP/1.1" 200 17856
198.41.226.31 - - [30/Aug/2017:13:46:12 +0000] "GET /admin/pages/add HTTP/1.1" 200 12965
198.41.226.31 - - [30/Aug/2017:13:46:27 +0000] "POST /admin/pages/add HTTP/1.1" 302 -
198.41.226.31 - - [30/Aug/2017:13:46:27 +0000] "GET /admin/pages HTTP/1.1" 200 18157
198.41.226.31 - - [30/Aug/2017:13:46:30 +0000] "GET /admin/page_languages/add HTTP/1.1" 200 11941
198.41.226.31 - - [30/Aug/2017:13:46:52 +0000] "POST /admin/page_languages/add HTTP/1.1" 302 -
198.41.226.31 - - [30/Aug/2017:13:46:53 +0000] "GET /admin/page_languages HTTP/1.1" 200 56829
198.41.226.31 - - [30/Aug/2017:13:46:57 +0000] "GET /admin/page_languages/index/sort:id/direction:asc HTTP/1.1" 200 62279
198.41.226.31 - - [30/Aug/2017:13:46:59 +0000] "GET /admin/page_languages/index/sort:id/direction:desc HTTP/1.1" 200 49752
198.41.226.31 - - [30/Aug/2017:13:47:01 +0000] "GET /admin/page_languages/edit/541 HTTP/1.1" 200 12546
198.41.226.31 - - [30/Aug/2017:13:47:03 +0000] "POST /admin/page_languages/edit/541 HTTP/1.1" 302 -
198.41.226.31 - - [30/Aug/2017:13:47:04 +0000] "GET /admin/page_languages HTTP/1.1" 200 56831
198.41.226.31 - - [30/Aug/2017:13:47:07 +0000] "GET /ptbr/events/abm-week-2015 HTTP/1.1" 200 9088
198.41.226.79 - - [30/Aug/2017:13:47:07 +0000] "GET /img/favicon.png HTTP/1.1" 304 -
198.41.226.175 - - [30/Aug/2017:14:30:57 +0000] "GET / HTTP/1.1" 302 -
198.41.226.175 - - [30/Aug/2017:14:30:58 +0000] "GET /ptbr HTTP/1.1" 200 8316
172.68.65.117 - - [30/Aug/2017:14:48:38 +0000] "GET /ptbr HTTP/1.1" 200 8316
162.158.78.7 - - [30/Aug/2017:14:48:38 +0000] "GET /img/favicon.png HTTP/1.1" 200 1846
172.68.218.67 - - [30/Aug/2017:14:48:53 +0000] "GET /ptbr HTTP/1.1" 200 8316
172.68.218.109 - - [30/Aug/2017:14:48:54 +0000] "GET /css/theme.css HTTP/1.1" 200 12388
172.68.218.25 - - [30/Aug/2017:14:48:54 +0000] "GET /css/bootstrap-theme.min.css HTTP/1.1" 200 23409
172.68.218.25 - - [30/Aug/2017:14:48:54 +0000] "GET /css/bootstrap.min.css HTTP/1.1" 200 121200
172.68.218.97 - - [30/Aug/2017:14:48:54 +0000] "GET /js/jquery.min.js HTTP/1.1" 200 85577
172.68.218.61 - - [30/Aug/2017:14:48:54 +0000] "GET /js/bootstrap.min.js HTTP/1.1" 200 37045
172.68.218.25 - - [30/Aug/2017:14:48:54 +0000] "GET /img/blucher-proceedings.svg HTTP/1.1" 200 9343
172.68.218.37 - - [30/Aug/2017:14:48:54 +0000] "GET /img/events/abmweek2016.svg HTTP/1.1" 200 13374
172.68.218.19 - - [30/Aug/2017:14:48:54 +0000] "GET /uploads/img/suport-2.png HTTP/1.1" 200 515
172.68.218.13 - - [30/Aug/2017:14:48:54 +0000] "GET /img/logo.svg HTTP/1.1" 200 7128
172.68.218.43 - - [30/Aug/2017:14:48:54 +0000] "GET /uploads/img/suport-1.png HTTP/1.1" 200 328
172.68.218.19 - - [30/Aug/2017:14:48:55 +0000] "GET /css/img/search-icon.svg HTTP/1.1" 200 805
172.68.218.97 - - [30/Aug/2017:14:48:55 +0000] "GET /uploads/img/suport-3.png HTTP/1.1" 200 439
172.68.218.25 - - [30/Aug/2017:14:48:55 +0000] "GET /img/favicon.png HTTP/1.1" 200 1846
198.41.226.175 - - [30/Aug/2017:14:49:10 +0000] "GET /ptbr/events/abm-week-2016 HTTP/1.1" 200 9115
198.41.226.115 - - [30/Aug/2017:14:49:10 +0000] "GET /img/events/abmweek2016.png HTTP/1.1" 304 -
198.41.226.175 - - [30/Aug/2017:14:49:16 +0000] "GET /ptbr/event/71-congresso-anual-da-abm HTTP/1.1" 200 8403
172.68.218.67 - - [30/Aug/2017:14:49:39 +0000] "GET /ptbr/event/71-congresso-anual-da-abm HTTP/1.1" 200 8403
172.68.218.37 - - [30/Aug/2017:14:49:39 +0000] "GET /img/events/abmweek2016.png HTTP/1.1" 200 39893
172.68.218.67 - - [30/Aug/2017:14:49:44 +0000] "GET /ptbr/event/71-congresso-anual-da-abm/articles HTTP/1.1" 200 193602
172.68.218.115 - - [30/Aug/2017:14:49:44 +0000] "GET /img/pdf-icon.png HTTP/1.1" 200 9571
172.68.218.67 - - [30/Aug/2017:14:50:05 +0000] "GET /ptbr/article/propriedades-de-tracao-em-compositos-de-matriz-epoxi-reforcadas-com-fibras-alinhadas-de-malva-sisal-e-bambu HTTP/1.1" 200 12022
172.68.218.13 - - [30/Aug/2017:14:50:06 +0000] "GET /img/pdf.svg HTTP/1.1" 200 1487
172.68.218.67 - - [30/Aug/2017:14:50:15 +0000] "GET /ptbr/article/propriedades-de-tracao-em-compositos-de-matriz-epoxi-reforcadas-com-fibras-alinhadas-de-malva-sisal-e-bambu/download/741 HTTP/1.1" 200 1317584
172.68.218.67 - - [30/Aug/2017:14:51:03 +0000] "GET /eng/article/propriedades-de-tracao-em-compositos-de-matriz-epoxi-reforcadas-com-fibras-alinhadas-de-malva-sisal-e-bambu HTTP/1.1" 200 11807
172.68.218.67 - - [30/Aug/2017:14:51:07 +0000] "GET /eng/article/propriedades-de-tracao-em-compositos-de-matriz-epoxi-reforcadas-com-fibras-alinhadas-de-malva-sisal-e-bambu/download/741 HTTP/1.1" 200 1317584
172.68.218.67 - - [30/Aug/2017:14:53:07 +0000] "GET /eng/article/propriedades-de-tracao-em-compositos-de-matriz-epoxi-reforcadas-com-fibras-alinhadas-de-malva-sisal-e-bambu/download/741 HTTP/1.1" 200 1317584
172.68.218.67 - - [30/Aug/2017:14:54:01 +0000] "GET /eng/article/propriedades-de-tracao-em-compositos-de-matriz-epoxi-reforcadas-com-fibras-alinhadas-de-malva-sisal-e-bambu/download/741 HTTP/1.1" 200 1317584
198.41.226.115 - - [30/Aug/2017:15:54:32 +0000] "GET /ptbr/events/abm-week-2015 HTTP/1.1" 200 9088
198.41.226.79 - - [30/Aug/2017:15:54:32 +0000] "GET /img/favicon.png HTTP/1.1" 304 -
198.41.226.115 - - [30/Aug/2017:15:54:44 +0000] "GET /admin/pages HTTP/1.1" 200 18055
198.41.226.115 - - [30/Aug/2017:15:54:58 +0000] "GET /admin/pages/index/sort:id/direction:asc HTTP/1.1" 200 18026
